INFO: [VRFC 10-2263] Analyzing SystemVerilog file "/home/ian-rider/eth_book_git_wa/ethernet_to_book/ethernet_to_book_proj/src/clks_rsts.sv" into library xil_defaultlib
INFO: [VRFC 10-311] analyzing module clks_rsts
INFO: [VRFC 10-2263] Analyzing SystemVerilog file "/home/ian-rider/eth_book_git_wa/ethernet_to_book/ethernet_to_book_proj/src/pkg.sv" into library xil_defaultlib
WARNING: [VRFC 10-2502] extra semicolon in $unit (global) scope [/home/ian-rider/eth_book_git_wa/ethernet_to_book/ethernet_to_book_proj/src/pkg.sv:136]
INFO: [VRFC 10-2263] Analyzing SystemVerilog file "/home/ian-rider/eth_book_git_wa/ethernet_to_book/ethernet_to_book_proj/tb/tb_interfaces.sv" into library xil_defaultlib
INFO: [VRFC 10-2263] Analyzing SystemVerilog file "/home/ian-rider/eth_book_git_wa/ethernet_to_book/ethernet_to_book_proj/tb/tb_pkg.sv" into library xil_defaultlib
WARNING: [VRFC 10-3609] overwriting previous definition of interface 'rgmii_rx_if' [/home/ian-rider/eth_book_git_wa/ethernet_to_book/ethernet_to_book_proj/tb/tb_interfaces.sv:8]
WARNING: [VRFC 10-3609] overwriting previous definition of interface 'eth_udp_if' [/home/ian-rider/eth_book_git_wa/ethernet_to_book/ethernet_to_book_proj/tb/tb_interfaces.sv:18]
WARNING: [VRFC 10-3609] overwriting previous definition of interface 'eth_udp_output_if' [/home/ian-rider/eth_book_git_wa/ethernet_to_book/ethernet_to_book_proj/tb/tb_interfaces.sv:30]
WARNING: [VRFC 10-3609] overwriting previous definition of interface 'rgmii_rx_output_if' [/home/ian-rider/eth_book_git_wa/ethernet_to_book/ethernet_to_book_proj/tb/tb_interfaces.sv:42]
WARNING: [VRFC 10-3609] overwriting previous definition of interface 'itch_add_output_if' [/home/ian-rider/eth_book_git_wa/ethernet_to_book/ethernet_to_book_proj/tb/tb_interfaces.sv:54]
WARNING: [VRFC 10-3609] overwriting previous definition of interface 'itch_del_output_if' [/home/ian-rider/eth_book_git_wa/ethernet_to_book/ethernet_to_book_proj/tb/tb_interfaces.sv:72]
WARNING: [VRFC 10-3609] overwriting previous definition of interface 'itch_exec_output_if' [/home/ian-rider/eth_book_git_wa/ethernet_to_book/ethernet_to_book_proj/tb/tb_interfaces.sv:84]
INFO: [VRFC 10-2263] Analyzing SystemVerilog file "/home/ian-rider/eth_book_git_wa/ethernet_to_book/ethernet_to_book_proj/tb/tb_env.sv" into library xil_defaultlib
WARNING: [VRFC 10-8896] design element 'tb_pkg' is previously defined; ignoring this definition [/home/ian-rider/eth_book_git_wa/ethernet_to_book/ethernet_to_book_proj/tb/tb_pkg.sv:8]
INFO: [VRFC 10-311] analyzing module tb_env
INFO: [VRFC 10-2263] Analyzing SystemVerilog file "/home/ian-rider/eth_book_git_wa/ethernet_to_book/ethernet_to_book_proj/src/eth_udp_parser.sv" into library xil_defaultlib
INFO: [VRFC 10-311] analyzing module eth_udp_parser
INFO: [VRFC 10-2263] Analyzing SystemVerilog file "/home/ian-rider/eth_book_git_wa/ethernet_to_book/ethernet_to_book_proj/src/ethernet_to_book_top.sv" into library xil_defaultlib
INFO: [VRFC 10-311] analyzing module rgmii_rx
INFO: [VRFC 10-311] analyzing module rgmii
INFO: [VRFC 10-311] analyzing module clks_rsts
WARNING: [VRFC 10-3609] overwriting previous definition of module 'clks_rsts' [/home/ian-rider/eth_book_git_wa/ethernet_to_book/ethernet_to_book_proj/src/clks_rsts.sv:6]
INFO: [VRFC 10-311] analyzing module eth_udp_parser
WARNING: [VRFC 10-3609] overwriting previous definition of module 'eth_udp_parser' [/home/ian-rider/eth_book_git_wa/ethernet_to_book/ethernet_to_book_proj/src/eth_udp_parser.sv:9]
INFO: [VRFC 10-311] analyzing module ethernet_to_book_top
INFO: [VRFC 10-2263] Analyzing SystemVerilog file "/home/ian-rider/eth_book_git_wa/ethernet_to_book/ethernet_to_book_proj/src/itch_parser.sv" into library xil_defaultlib
INFO: [VRFC 10-311] analyzing module itch_parser
INFO: [VRFC 10-2263] Analyzing SystemVerilog file "/home/ian-rider/eth_book_git_wa/ethernet_to_book/ethernet_to_book_proj/src/order_book.sv" into library xil_defaultlib
INFO: [VRFC 10-311] analyzing module order_book
INFO: [VRFC 10-2263] Analyzing SystemVerilog file "/home/ian-rider/eth_book_git_wa/ethernet_to_book/ethernet_to_book_proj/src/order_book_engine.sv" into library xil_defaultlib
INFO: [VRFC 10-311] analyzing module order_book
WARNING: [VRFC 10-3609] overwriting previous definition of module 'order_book' [/home/ian-rider/eth_book_git_wa/ethernet_to_book/ethernet_to_book_proj/src/order_book.sv:8]
INFO: [VRFC 10-311] analyzing module order_map
INFO: [VRFC 10-311] analyzing module order_book_engine
INFO: [VRFC 10-2263] Analyzing SystemVerilog file "/home/ian-rider/eth_book_git_wa/ethernet_to_book/ethernet_to_book_proj/src/order_map.sv" into library xil_defaultlib
INFO: [VRFC 10-311] analyzing module order_map
WARNING: [VRFC 10-3609] overwriting previous definition of module 'order_map' [/home/ian-rider/eth_book_git_wa/ethernet_to_book/ethernet_to_book_proj/src/order_map.sv:9]
INFO: [VRFC 10-2263] Analyzing SystemVerilog file "/home/ian-rider/eth_book_git_wa/ethernet_to_book/ethernet_to_book_proj/src/reuse/pipe.sv" into library xil_defaultlib
INFO: [VRFC 10-311] analyzing module pipe
INFO: [VRFC 10-2263] Analyzing SystemVerilog file "/home/ian-rider/eth_book_git_wa/ethernet_to_book/ethernet_to_book_proj/src/rgmii.sv" into library xil_defaultlib
INFO: [VRFC 10-311] analyzing module rgmii_rx
WARNING: [VRFC 10-3609] overwriting previous definition of module 'rgmii_rx' [/home/ian-rider/eth_book_git_wa/ethernet_to_book/ethernet_to_book_proj/src/rgmii_rx.sv:7]
INFO: [VRFC 10-311] analyzing module rgmii
WARNING: [VRFC 10-3609] overwriting previous definition of module 'rgmii' [/home/ian-rider/eth_book_git_wa/ethernet_to_book/ethernet_to_book_proj/src/rgmii.sv:8]
INFO: [VRFC 10-2263] Analyzing SystemVerilog file "/home/ian-rider/eth_book_git_wa/ethernet_to_book/ethernet_to_book_proj/src/rgmii_rx.sv" into library xil_defaultlib
INFO: [VRFC 10-311] analyzing module rgmii_rx
INFO: [VRFC 10-2263] Analyzing SystemVerilog file "/home/ian-rider/eth_book_git_wa/ethernet_to_book/ethernet_to_book_proj/src/slow_fast_cdc.sv" into library xil_defaultlib
INFO: [VRFC 10-311] analyzing module slow_fast_cdc
INFO: [VRFC 10-2263] Analyzing SystemVerilog file "/home/ian-rider/eth_book_git_wa/ethernet_to_book/ethernet_to_book_proj/tb/mac_to_book_test.sv" into library xil_defaultlib
INFO: [VRFC 10-311] analyzing module mac_to_book_test
