Vivado Simulator v2025.2
Copyright 1986-2022 Xilinx, Inc. All Rights Reserved.
Copyright 2022-2025 Advanced Micro Devices, Inc. All Rights Reserved.
Running: /home/ian-rider/tools/xilinx/2025.2/Vivado/bin/unwrapped/lnx64.o/xelab --incr --debug typical --relax --mt 8 -L xil_defaultlib -L uvm -L unisims_ver -L unimacro_ver -L secureip -L xpm --snapshot mac_to_book_test_behav xil_defaultlib.mac_to_book_test xil_defaultlib.glbl -log elaborate.log 
Using 8 slave threads.
WARNING: [XSIM 43-3431] One or more environment variables have been detected which affect the operation of the C compiler. These are typically not set in standard installations and are not tested by AMD, however they may be appropriate for your system, so the flow will attempt to continue.  If errors occur, try running xelab with the "-mt off -v 1" switches to see more information from the C compiler. The following environment variables have been detected:
Starting static elaboration
Pass Through NonSizing Optimizer
WARNING: [VRFC 10-9543] actual bit length 8 differs from formal bit length 4 for port 'rxDataIn' [/home/ian-rider/eth_book_git_wa/ethernet_to_book/ethernet_to_book_proj/tb/mac_to_book_test.sv:100]
WARNING: [VRFC 10-9543] actual bit length 64 differs from formal bit length 32 for port 'sharesOut' [/home/ian-rider/eth_book_git_wa/ethernet_to_book/ethernet_to_book_proj/src/ethernet_to_book_top.sv:134]
WARNING: [VRFC 10-9543] actual bit length 64 differs from formal bit length 32 for port 'sharesIn' [/home/ian-rider/eth_book_git_wa/ethernet_to_book/ethernet_to_book_proj/src/ethernet_to_book_top.sv:152]
WARNING: [VRFC 10-9543] actual bit length 65 differs from formal bit length 96 for port 'DIn' [/home/ian-rider/eth_book_git_wa/ethernet_to_book/ethernet_to_book_proj/src/order_map.sv:105]
WARNING: [VRFC 10-8967] first argument of $fatal is invalid; expected 0, 1 or 2 [/home/ian-rider/eth_book_git_wa/ethernet_to_book/ethernet_to_book_proj/tb/tb_pkg.sv:396]
WARNING: [VRFC 10-3597] non-void function 'check_price_levels' called as a task without void casting [/home/ian-rider/eth_book_git_wa/ethernet_to_book/ethernet_to_book_proj/tb/mac_to_book_test.sv:294]
WARNING: [VRFC 10-8967] first argument of $fatal is invalid; expected 0, 1 or 2 [/home/ian-rider/eth_book_git_wa/ethernet_to_book/ethernet_to_book_proj/tb/tb_pkg.sv:407]
WARNING: [VRFC 10-3597] non-void function 'check_quant_levels' called as a task without void casting [/home/ian-rider/eth_book_git_wa/ethernet_to_book/ethernet_to_book_proj/tb/mac_to_book_test.sv:295]
WARNING: [VRFC 10-3597] non-void function 'check_price_levels' called as a task without void casting [/home/ian-rider/eth_book_git_wa/ethernet_to_book/ethernet_to_book_proj/tb/mac_to_book_test.sv:301]
WARNING: [VRFC 10-3597] non-void function 'check_quant_levels' called as a task without void casting [/home/ian-rider/eth_book_git_wa/ethernet_to_book/ethernet_to_book_proj/tb/mac_to_book_test.sv:302]
WARNING: [VRFC 10-3597] non-void function 'check_price_levels' called as a task without void casting [/home/ian-rider/eth_book_git_wa/ethernet_to_book/ethernet_to_book_proj/tb/mac_to_book_test.sv:308]
WARNING: [VRFC 10-3597] non-void function 'check_quant_levels' called as a task without void casting [/home/ian-rider/eth_book_git_wa/ethernet_to_book/ethernet_to_book_proj/tb/mac_to_book_test.sv:309]
WARNING: [VRFC 10-3597] non-void function 'check_price_levels' called as a task without void casting [/home/ian-rider/eth_book_git_wa/ethernet_to_book/ethernet_to_book_proj/tb/mac_to_book_test.sv:315]
WARNING: [VRFC 10-3597] non-void function 'check_quant_levels' called as a task without void casting [/home/ian-rider/eth_book_git_wa/ethernet_to_book/ethernet_to_book_proj/tb/mac_to_book_test.sv:316]
WARNING: [VRFC 10-3597] non-void function 'check_price_levels' called as a task without void casting [/home/ian-rider/eth_book_git_wa/ethernet_to_book/ethernet_to_book_proj/tb/mac_to_book_test.sv:322]
WARNING: [VRFC 10-3597] non-void function 'check_quant_levels' called as a task without void casting [/home/ian-rider/eth_book_git_wa/ethernet_to_book/ethernet_to_book_proj/tb/mac_to_book_test.sv:323]
WARNING: [VRFC 10-3597] non-void function 'check_price_levels' called as a task without void casting [/home/ian-rider/eth_book_git_wa/ethernet_to_book/ethernet_to_book_proj/tb/mac_to_book_test.sv:330]
WARNING: [VRFC 10-3597] non-void function 'check_quant_levels' called as a task without void casting [/home/ian-rider/eth_book_git_wa/ethernet_to_book/ethernet_to_book_proj/tb/mac_to_book_test.sv:331]
WARNING: [VRFC 10-3597] non-void function 'check_price_levels' called as a task without void casting [/home/ian-rider/eth_book_git_wa/ethernet_to_book/ethernet_to_book_proj/tb/mac_to_book_test.sv:337]
WARNING: [VRFC 10-3597] non-void function 'check_quant_levels' called as a task without void casting [/home/ian-rider/eth_book_git_wa/ethernet_to_book/ethernet_to_book_proj/tb/mac_to_book_test.sv:338]
WARNING: [VRFC 10-3597] non-void function 'check_price_levels' called as a task without void casting [/home/ian-rider/eth_book_git_wa/ethernet_to_book/ethernet_to_book_proj/tb/mac_to_book_test.sv:344]
WARNING: [VRFC 10-3597] non-void function 'check_quant_levels' called as a task without void casting [/home/ian-rider/eth_book_git_wa/ethernet_to_book/ethernet_to_book_proj/tb/mac_to_book_test.sv:345]
WARNING: [VRFC 10-3597] non-void function 'check_price_levels' called as a task without void casting [/home/ian-rider/eth_book_git_wa/ethernet_to_book/ethernet_to_book_proj/tb/mac_to_book_test.sv:351]
WARNING: [VRFC 10-3597] non-void function 'check_quant_levels' called as a task without void casting [/home/ian-rider/eth_book_git_wa/ethernet_to_book/ethernet_to_book_proj/tb/mac_to_book_test.sv:352]
WARNING: [VRFC 10-3597] non-void function 'check_price_levels' called as a task without void casting [/home/ian-rider/eth_book_git_wa/ethernet_to_book/ethernet_to_book_proj/tb/mac_to_book_test.sv:358]
WARNING: [VRFC 10-3597] non-void function 'check_quant_levels' called as a task without void casting [/home/ian-rider/eth_book_git_wa/ethernet_to_book/ethernet_to_book_proj/tb/mac_to_book_test.sv:359]
WARNING: [VRFC 10-3597] non-void function 'check_price_levels' called as a task without void casting [/home/ian-rider/eth_book_git_wa/ethernet_to_book/ethernet_to_book_proj/tb/mac_to_book_test.sv:365]
WARNING: [VRFC 10-3597] non-void function 'check_quant_levels' called as a task without void casting [/home/ian-rider/eth_book_git_wa/ethernet_to_book/ethernet_to_book_proj/tb/mac_to_book_test.sv:366]
WARNING: [VRFC 10-3597] non-void function 'check_price_levels' called as a task without void casting [/home/ian-rider/eth_book_git_wa/ethernet_to_book/ethernet_to_book_proj/tb/mac_to_book_test.sv:372]
WARNING: [VRFC 10-3597] non-void function 'check_quant_levels' called as a task without void casting [/home/ian-rider/eth_book_git_wa/ethernet_to_book/ethernet_to_book_proj/tb/mac_to_book_test.sv:373]
WARNING: [VRFC 10-3597] non-void function 'check_price_levels' called as a task without void casting [/home/ian-rider/eth_book_git_wa/ethernet_to_book/ethernet_to_book_proj/tb/mac_to_book_test.sv:379]
WARNING: [VRFC 10-3597] non-void function 'check_quant_levels' called as a task without void casting [/home/ian-rider/eth_book_git_wa/ethernet_to_book/ethernet_to_book_proj/tb/mac_to_book_test.sv:380]
WARNING: [VRFC 10-3597] non-void function 'check_price_levels' called as a task without void casting [/home/ian-rider/eth_book_git_wa/ethernet_to_book/ethernet_to_book_proj/tb/mac_to_book_test.sv:386]
WARNING: [VRFC 10-3597] non-void function 'check_quant_levels' called as a task without void casting [/home/ian-rider/eth_book_git_wa/ethernet_to_book/ethernet_to_book_proj/tb/mac_to_book_test.sv:387]
WARNING: [VRFC 10-3597] non-void function 'check_price_levels' called as a task without void casting [/home/ian-rider/eth_book_git_wa/ethernet_to_book/ethernet_to_book_proj/tb/mac_to_book_test.sv:393]
WARNING: [VRFC 10-3597] non-void function 'check_quant_levels' called as a task without void casting [/home/ian-rider/eth_book_git_wa/ethernet_to_book/ethernet_to_book_proj/tb/mac_to_book_test.sv:394]
WARNING: [VRFC 10-3597] non-void function 'check_price_levels' called as a task without void casting [/home/ian-rider/eth_book_git_wa/ethernet_to_book/ethernet_to_book_proj/tb/mac_to_book_test.sv:400]
WARNING: [VRFC 10-3597] non-void function 'check_quant_levels' called as a task without void casting [/home/ian-rider/eth_book_git_wa/ethernet_to_book/ethernet_to_book_proj/tb/mac_to_book_test.sv:401]
WARNING: [VRFC 10-3597] non-void function 'check_price_levels' called as a task without void casting [/home/ian-rider/eth_book_git_wa/ethernet_to_book/ethernet_to_book_proj/tb/mac_to_book_test.sv:407]
WARNING: [VRFC 10-3597] non-void function 'check_quant_levels' called as a task without void casting [/home/ian-rider/eth_book_git_wa/ethernet_to_book/ethernet_to_book_proj/tb/mac_to_book_test.sv:408]
WARNING: [VRFC 10-3597] non-void function 'check_price_levels' called as a task without void casting [/home/ian-rider/eth_book_git_wa/ethernet_to_book/ethernet_to_book_proj/tb/mac_to_book_test.sv:414]
WARNING: [VRFC 10-3597] non-void function 'check_quant_levels' called as a task without void casting [/home/ian-rider/eth_book_git_wa/ethernet_to_book/ethernet_to_book_proj/tb/mac_to_book_test.sv:415]
Completed static elaboration
INFO: [XSIM 43-4329] Assuming default value 1 for the first arguement of $fatal at Line 340, File /home/ian-rider/eth_book_git_wa/ethernet_to_book/ethernet_to_book_proj/tb/tb_pkg.sv
INFO: [XSIM 43-4329] Assuming default value 1 for the first arguement of $fatal at Line 352, File /home/ian-rider/eth_book_git_wa/ethernet_to_book/ethernet_to_book_proj/tb/tb_pkg.sv
INFO: [XSIM 43-4329] Assuming default value 1 for the first arguement of $fatal at Line 365, File /home/ian-rider/eth_book_git_wa/ethernet_to_book/ethernet_to_book_proj/tb/tb_pkg.sv
INFO: [XSIM 43-4329] Assuming default value 1 for the first arguement of $fatal at Line 366, File /home/ian-rider/eth_book_git_wa/ethernet_to_book/ethernet_to_book_proj/tb/tb_pkg.sv
INFO: [XSIM 43-4329] Assuming default value 1 for the first arguement of $fatal at Line 368, File /home/ian-rider/eth_book_git_wa/ethernet_to_book/ethernet_to_book_proj/tb/tb_pkg.sv
INFO: [XSIM 43-4329] Assuming default value 1 for the first arguement of $fatal at Line 369, File /home/ian-rider/eth_book_git_wa/ethernet_to_book/ethernet_to_book_proj/tb/tb_pkg.sv
INFO: [XSIM 43-4329] Assuming default value 1 for the first arguement of $fatal at Line 370, File /home/ian-rider/eth_book_git_wa/ethernet_to_book/ethernet_to_book_proj/tb/tb_pkg.sv
INFO: [XSIM 43-4329] Assuming default value 1 for the first arguement of $fatal at Line 378, File /home/ian-rider/eth_book_git_wa/ethernet_to_book/ethernet_to_book_proj/tb/tb_pkg.sv
INFO: [XSIM 43-4329] Assuming default value 1 for the first arguement of $fatal at Line 379, File /home/ian-rider/eth_book_git_wa/ethernet_to_book/ethernet_to_book_proj/tb/tb_pkg.sv
INFO: [XSIM 43-4329] Assuming default value 1 for the first arguement of $fatal at Line 387, File /home/ian-rider/eth_book_git_wa/ethernet_to_book/ethernet_to_book_proj/tb/tb_pkg.sv
INFO: [XSIM 43-4329] Assuming default value 1 for the first arguement of $fatal at Line 388, File /home/ian-rider/eth_book_git_wa/ethernet_to_book/ethernet_to_book_proj/tb/tb_pkg.sv
INFO: [XSIM 43-4329] Assuming default value 1 for the first arguement of $fatal at Line 396, File /home/ian-rider/eth_book_git_wa/ethernet_to_book/ethernet_to_book_proj/tb/tb_pkg.sv
INFO: [XSIM 43-4329] Assuming default value 1 for the first arguement of $fatal at Line 407, File /home/ian-rider/eth_book_git_wa/ethernet_to_book/ethernet_to_book_proj/tb/tb_pkg.sv
Starting simulation data flow analysis
Completed simulation data flow analysis
Time Resolution for simulation is 1ps
Compiling package xil_defaultlib.pkg
Compiling package xil_defaultlib.tb_pkg
Compiling module xil_defaultlib.rgmii_rx_if_default
Compiling module xil_defaultlib.eth_udp_output_if_default
Compiling module xil_defaultlib.tb_env
Compiling module unisims_ver.BUFG
Compiling module xil_defaultlib.pipe(DEPTH=3,ALLOW_SRL=1'b0)
Compiling module unisims_ver.IBUF
Compiling module unisims_ver.MMCME2_ADV(CLKFBOUT_MULT_F=10.0,...
Compiling module xil_defaultlib.system_clocks_gen_clk_wiz
Compiling module xil_defaultlib.system_clocks_gen
Compiling module unisims_ver.MMCME2_ADV(CLKFBOUT_MULT_F=8.0,C...
Compiling module xil_defaultlib.rx_clk_shift_clk_wiz
Compiling module xil_defaultlib.rx_clk_shift
Compiling module xil_defaultlib.clks_rsts
Compiling module unisims_ver.IDDR
Compiling module xil_defaultlib.rgmii_rx_default
Compiling module xil_defaultlib.rgmii
Compiling module xil_defaultlib.slow_fast_cdc(LOW_LAT_CDC=1'b1)
Compiling module xil_defaultlib.eth_udp_parser
Compiling module xil_defaultlib.itch_parser
Compiling module xil_defaultlib.pipe(DEPTH=3)
Compiling module xil_defaultlib.pipe(DEPTH=3,WIDTH=96)
Compiling module xil_defaultlib.pipe(DEPTH=3,WIDTH=64)
Compiling module xil_defaultlib.pipe(WIDTH=32)
Compiling module xil_defaultlib.pipe_default
Compiling module xil_defaultlib.order_map(ORDER_MAP_DEPTH=512)
Compiling module xil_defaultlib.top_of_book_ila
Compiling module xil_defaultlib.order_book(DEPTH=3)
Compiling module xil_defaultlib.order_book_engine(ORDER_MAP_DEPT...
Compiling module xil_defaultlib.ethernet_to_book_top
Compiling module xil_defaultlib.mac_to_book_test
Compiling module xil_defaultlib.glbl
Built simulation snapshot mac_to_book_test_behav
