Time resolution is 1 ps
WARNING: File D:/FPGA/git_wa/ethernet_to_book_proj/src/reuse/init_ram_zeros.mem referenced on /home/ian-rider/eth_book_git_wa/ethernet_to_book/ethernet_to_book_proj/src/itch_parser.sv at line 195 cannot be opened for reading. Please ensure that this file is available in the current working directory or parent directory of xsim.dir location specified via -xsimdir switch.
WARNING: File D:/FPGA/git_wa/ethernet_to_book_proj/src/reuse/init_ram_zeros.mem referenced on /home/ian-rider/eth_book_git_wa/ethernet_to_book/ethernet_to_book_proj/src/itch_parser.sv at line 195 cannot be opened for reading. Please ensure that this file is available in the current working directory or parent directory of xsim.dir location specified via -xsimdir switch.
--- SENDING ETHERNET HEADER ---
Destination mac: 0x01005e7d8b20
Source mac:      0x123456789abc
Ethernet type:   0x0800
--- SENDING IP HEADER ---
Version:        0x45
DSCP/ECN:       0x00
Total length:   0x0171
ID:             0x0000
Flags:          0x0000
TTL:            0x00
Protocol:       0x11
Check sum:      0x3ab3
Source IP:      0x12345678
Destination IP: 0x8afd8b20
--- SENDING UDP HEADER ---
Source port:      0x2710
Destination port: 0x4696
Udp length:       0x015d
Check sum:        0x0000
--- SENDING MOLD HEADER ---
Session ID:      0x00000000000000000004
Sequence number: 0x0000000000000000
Message count:   0x0006
Mold length:     0x0141
--- SENDING ITCH ADD ORDER ---
Message type:           0x41
Stock locate:           0xbe42
Tracking number:        0x0001
Timestamp:              0x000000000455
Order reference number: 0x0000000000000001
Buy/sell indicator:     0x42
Shares:                 0x01234567
Stock:                  0x4141504c00000000
Price:                  0x00050000
--- SENDING ITCH ADD ORDER ---
Message type:           0x41
Stock locate:           0xbe42
Tracking number:        0x0001
Timestamp:              0x000000000455
Order reference number: 0x0000000000000002
Buy/sell indicator:     0x42
Shares:                 0x0000fabc
Stock:                  0x4141504c00000000
Price:                  0x00050001
--- SENDING ITCH ADD ORDER ---
Message type:           0x41
Stock locate:           0xbe42
Tracking number:        0x0001
Timestamp:              0x000000000455
Order reference number: 0x0000000000000003
Buy/sell indicator:     0x42
Shares:                 0x00000012
Stock:                  0x4141504c00000000
Price:                  0x00040000
--- SENDING ITCH ADD ORDER ---
Message type:           0x41
Stock locate:           0xbe42
Tracking number:        0x0001
Timestamp:              0x000000000455
Order reference number: 0x0000000000000004
Buy/sell indicator:     0x42
Shares:                 0x00000432
Stock:                  0x4141504c00000000
Price:                  0x00040001
--- SENDING ITCH ADD ORDER ---
Message type:           0x41
Stock locate:           0xbe42
Tracking number:        0x0001
Timestamp:              0x000000000455
Order reference number: 0x0000000000000005
Buy/sell indicator:     0x42
Shares:                 0x00000001
Stock:                  0x4141504c00000000
Price:                  0x00050002
--- SENDING ITCH ADD ORDER ---
Message type:           0x41
Stock locate:           0xbe42
Tracking number:        0x0001
Timestamp:              0x000000000455
Order reference number: 0x0000000000000006
Buy/sell indicator:     0x42
Shares:                 0x00000fff
Stock:                  0x4141504c00000000
Price:                  0x00030000
--- SENDING ITCH DELETE ORDER ---
Message type:           0x44
Stock locate:           0xbe42
Tracking number:        0x3021
Timestamp:              0x000000003de1
Order reference number: 0x0000000000000004
--- SENDING ITCH EXECUTE ORDER ---
Message type:           0x45
Stock locate:           0xbe42
Tracking number:        0x4553
Timestamp:              0x000000000101
Order reference number: 0x0000000000000005
Executed shares:        0xabcd7684
Match number:           0x3bd786555512bed7
--- SENDING ITCH ADD ORDER ---
Message type:           0x41
Stock locate:           0xbe42
Tracking number:        0x0001
Timestamp:              0x000000000455
Order reference number: 0x0000000000000007
Buy/sell indicator:     0x42
Shares:                 0x00000123
Stock:                  0x4141504c00000000
Price:                  0x00050000
--- SENDING ITCH DELETE ORDER ---
Message type:           0x44
Stock locate:           0xbe42
Tracking number:        0x3021
Timestamp:              0x000000003de1
Order reference number: 0x0000000000000001
--- SENDING ETHERNET HEADER ---
Destination mac: 0x01005e7d8b20
Source mac:      0x123456789abc
Ethernet type:   0x0800
--- SENDING IP HEADER ---
Version:        0x45
DSCP/ECN:       0x00
Total length:   0x0198
ID:             0x0000
Flags:          0x0000
TTL:            0x00
Protocol:       0x11
Check sum:      0x3a8c
Source IP:      0x12345678
Destination IP: 0x8afd8b20
--- SENDING UDP HEADER ---
Source port:      0x2710
Destination port: 0x4696
Udp length:       0x01b4
Check sum:        0x0000
--- SENDING MOLD HEADER ---
Session ID:      0x00000000000000000004
Sequence number: 0x000000000000000a
Message count:   0x0006
Mold length:     0x0168
--- SENDING ITCH ADD ORDER ---
Message type:           0x41
Stock locate:           0xbe42
Tracking number:        0x0001
Timestamp:              0x000000000455
Order reference number: 0x0000000000000008
Buy/sell indicator:     0x53
Shares:                 0x01234567
Stock:                  0x4141504c00000000
Price:                  0x00000020
--- SENDING ITCH ADD ORDER ---
Message type:           0x41
Stock locate:           0xbe42
Tracking number:        0x0001
Timestamp:              0x000000000455
Order reference number: 0x0000000000000009
Buy/sell indicator:     0x53
Shares:                 0x00000001
Stock:                  0x4141504c00000000
Price:                  0x0000001f
--- SENDING ITCH ADD ORDER ---
Message type:           0x41
Stock locate:           0xbe42
Tracking number:        0x0001
Timestamp:              0x000000000455
Order reference number: 0x000000000000000a
Buy/sell indicator:     0x53
Shares:                 0x00000555
Stock:                  0x4141504c00000000
Price:                  0x0000001e
--- SENDING ITCH ADD ORDER ---
Message type:           0x41
Stock locate:           0xbe42
Tracking number:        0x0001
Timestamp:              0x000000000455
Order reference number: 0x000000000000000b
Buy/sell indicator:     0x53
Shares:                 0x00000aaa
Stock:                  0x4141504c00000000
Price:                  0x00000123
--- SENDING ITCH ADD ORDER ---
Message type:           0x41
Stock locate:           0xbe42
Tracking number:        0x0001
Timestamp:              0x000000000455
Order reference number: 0x000000000000000c
Buy/sell indicator:     0x53
Shares:                 0x00000ccc
Stock:                  0x4141504c00000000
Price:                  0x00000124
--- SENDING ITCH ADD ORDER ---
Message type:           0x41
Stock locate:           0xbe42
Tracking number:        0x0001
Timestamp:              0x000000000455
Order reference number: 0x000000000000000d
Buy/sell indicator:     0x53
Shares:                 0x00000001
Stock:                  0x4141504c00000000
Price:                  0x0000001e
--- SENDING ITCH DELETE ORDER ---
Message type:           0x44
Stock locate:           0xbe42
Tracking number:        0x3021
Timestamp:              0x000000003de1
Order reference number: 0x000000000000000d
--- SENDING ITCH EXECUTE ORDER ---
Message type:           0x45
Stock locate:           0xbe42
Tracking number:        0x4553
Timestamp:              0x000000000101
Order reference number: 0x0000000000000009
Executed shares:        0xabcd7684
Match number:           0x3bd786555512bed7
