
*** Running vivado
    with args -log ethernet_to_book_top.vds -m64 -product Vivado -mode batch -messageDb vivado.pb -notrace -source ethernet_to_book_top.tcl


****** Vivado v2025.2 (64-bit)
  **** SW Build 6299465 on Fri Nov 14 12:34:56 MST 2025
  **** IP Build 6300035 on Fri Nov 14 10:48:45 MST 2025
  **** SharedData Build 6298862 on Thu Nov 13 04:50:51 MST 2025
  **** Start of session at: Wed Jul 15 20:10:46 2026
    ** Copyright 1986-2022 Xilinx, Inc. All Rights Reserved.
    ** Copyright 2022-2025 Advanced Micro Devices, Inc. All Rights Reserved.

source ethernet_to_book_top.tcl -notrace
Command: read_checkpoint -auto_incremental -incremental /home/ian-rider/eth_book_git_wa/ethernet_to_book/ethernet_to_book_proj/project/project.srcs/utils_1/imports/synth_1/ethernet_to_book_top.dcp
INFO: [Vivado 12-5825] Read reference checkpoint from /home/ian-rider/eth_book_git_wa/ethernet_to_book/ethernet_to_book_proj/project/project.srcs/utils_1/imports/synth_1/ethernet_to_book_top.dcp for incremental synthesis
INFO: [Vivado 12-7989] Please ensure there are no constraint changes
Command: synth_design -top ethernet_to_book_top -part xc7a200tsbg484-1
Starting synth_design
Attempting to get a license for feature 'Synthesis' and/or device 'xc7a200t'
INFO: [Common 17-349] Got license for feature 'Synthesis' and/or device 'xc7a200t'
INFO: [Device 21-403] Loading part xc7a200tsbg484-1
INFO: [Designutils 20-5440] No compile time benefit to using incremental synthesis; A full resynthesis will be run
INFO: [Designutils 20-4379] Flow is switching to default flow due to incremental criteria not met. If you would like to alter this behaviour and have the flow terminate instead, please set the following parameter config_implementation {autoIncr.Synth.RejectBehavior Terminate}
INFO: [Synth 8-7079] Multithreading enabled for synth_design using a maximum of 7 processes.
INFO: [Synth 8-7078] Launching helper process for spawning children vivado processes
INFO: [Synth 8-7075] Helper process launched with PID 737415
---------------------------------------------------------------------------------
Starting RTL Elaboration : Time (s): cpu = 00:00:02 ; elapsed = 00:00:02 . Memory (MB): peak = 2299.957 ; gain = 481.594 ; free physical = 14545 ; free virtual = 30344
---------------------------------------------------------------------------------
WARNING: [Synth 8-9448] extra semicolon in $unit (global) scope [/home/ian-rider/eth_book_git_wa/ethernet_to_book/ethernet_to_book_proj/src/pkg.sv:136]
CRITICAL WARNING: [Synth 8-9873] overwriting previous definition of module 'order_book' [/home/ian-rider/eth_book_git_wa/ethernet_to_book/ethernet_to_book_proj/src/order_book.sv:552]
INFO: [Synth 8-13127] previous definition of module 'order_book' is here [/home/ian-rider/eth_book_git_wa/ethernet_to_book/ethernet_to_book_proj/src/order_book.sv:552]
CRITICAL WARNING: [Synth 8-9873] overwriting previous definition of module 'order_map' [/home/ian-rider/eth_book_git_wa/ethernet_to_book/ethernet_to_book_proj/src/order_map.sv:180]
INFO: [Synth 8-13127] previous definition of module 'order_map' is here [/home/ian-rider/eth_book_git_wa/ethernet_to_book/ethernet_to_book_proj/src/order_map.sv:180]
CRITICAL WARNING: [Synth 8-9873] overwriting previous definition of module 'rgmii_rx' [/home/ian-rider/eth_book_git_wa/ethernet_to_book/ethernet_to_book_proj/src/rgmii_rx.sv:99]
INFO: [Synth 8-13127] previous definition of module 'rgmii_rx' is here [/home/ian-rider/eth_book_git_wa/ethernet_to_book/ethernet_to_book_proj/src/rgmii_rx.sv:99]
CRITICAL WARNING: [Synth 8-9873] overwriting previous definition of module 'rgmii_rx' [/home/ian-rider/eth_book_git_wa/ethernet_to_book/ethernet_to_book_proj/src/rgmii_rx.sv:99]
INFO: [Synth 8-13127] previous definition of module 'rgmii_rx' is here [/home/ian-rider/eth_book_git_wa/ethernet_to_book/ethernet_to_book_proj/src/rgmii_rx.sv:99]
CRITICAL WARNING: [Synth 8-9873] overwriting previous definition of module 'rgmii' [/home/ian-rider/eth_book_git_wa/ethernet_to_book/ethernet_to_book_proj/src/rgmii.sv:43]
INFO: [Synth 8-13127] previous definition of module 'rgmii' is here [/home/ian-rider/eth_book_git_wa/ethernet_to_book/ethernet_to_book_proj/src/rgmii.sv:43]
CRITICAL WARNING: [Synth 8-9873] overwriting previous definition of module 'clks_rsts' [/home/ian-rider/eth_book_git_wa/ethernet_to_book/ethernet_to_book_proj/src/clks_rsts.sv:68]
INFO: [Synth 8-13127] previous definition of module 'clks_rsts' is here [/home/ian-rider/eth_book_git_wa/ethernet_to_book/ethernet_to_book_proj/src/clks_rsts.sv:68]
CRITICAL WARNING: [Synth 8-9873] overwriting previous definition of module 'eth_udp_parser' [/home/ian-rider/eth_book_git_wa/ethernet_to_book/ethernet_to_book_proj/src/eth_udp_parser.sv:302]
INFO: [Synth 8-13127] previous definition of module 'eth_udp_parser' is here [/home/ian-rider/eth_book_git_wa/ethernet_to_book/ethernet_to_book_proj/src/eth_udp_parser.sv:302]
INFO: [Synth 8-11241] undeclared symbol 'packetLostOut', assumed default net type 'wire' [/home/ian-rider/eth_book_git_wa/ethernet_to_book/ethernet_to_book_proj/src/ethernet_to_book_top.sv:117]
INFO: [Synth 8-11241] undeclared symbol 'itchDataValidOut', assumed default net type 'wire' [/home/ian-rider/eth_book_git_wa/ethernet_to_book/ethernet_to_book_proj/src/ethernet_to_book_top.sv:162]
INFO: [Synth 8-11241] undeclared symbol 'itchDataOut', assumed default net type 'wire' [/home/ian-rider/eth_book_git_wa/ethernet_to_book/ethernet_to_book_proj/src/ethernet_to_book_top.sv:163]
INFO: [Synth 8-11241] undeclared symbol 'addValidOut', assumed default net type 'wire' [/home/ian-rider/eth_book_git_wa/ethernet_to_book/ethernet_to_book_proj/src/ethernet_to_book_top.sv:164]
INFO: [Synth 8-11241] undeclared symbol 'delValidOut', assumed default net type 'wire' [/home/ian-rider/eth_book_git_wa/ethernet_to_book/ethernet_to_book_proj/src/ethernet_to_book_top.sv:165]
INFO: [Synth 8-11241] undeclared symbol 'execValidOut', assumed default net type 'wire' [/home/ian-rider/eth_book_git_wa/ethernet_to_book/ethernet_to_book_proj/src/ethernet_to_book_top.sv:166]
INFO: [Synth 8-11241] undeclared symbol 'refNumOut', assumed default net type 'wire' [/home/ian-rider/eth_book_git_wa/ethernet_to_book/ethernet_to_book_proj/src/ethernet_to_book_top.sv:167]
INFO: [Synth 8-11241] undeclared symbol 'locateOut', assumed default net type 'wire' [/home/ian-rider/eth_book_git_wa/ethernet_to_book/ethernet_to_book_proj/src/ethernet_to_book_top.sv:168]
INFO: [Synth 8-11241] undeclared symbol 'priceOut', assumed default net type 'wire' [/home/ian-rider/eth_book_git_wa/ethernet_to_book/ethernet_to_book_proj/src/ethernet_to_book_top.sv:169]
INFO: [Synth 8-11241] undeclared symbol 'sharesOut', assumed default net type 'wire' [/home/ian-rider/eth_book_git_wa/ethernet_to_book/ethernet_to_book_proj/src/ethernet_to_book_top.sv:170]
INFO: [Synth 8-11241] undeclared symbol 'buySellOut', assumed default net type 'wire' [/home/ian-rider/eth_book_git_wa/ethernet_to_book/ethernet_to_book_proj/src/ethernet_to_book_top.sv:171]
INFO: [Synth 8-6157] synthesizing module 'ethernet_to_book_top' [/home/ian-rider/eth_book_git_wa/ethernet_to_book/ethernet_to_book_proj/src/ethernet_to_book_top.sv:10]
INFO: [Synth 8-6157] synthesizing module 'clks_rsts' [/home/ian-rider/eth_book_git_wa/ethernet_to_book/ethernet_to_book_proj/src/clks_rsts.sv:6]
INFO: [Synth 8-6157] synthesizing module 'BUFG' [/home/ian-rider/tools/xilinx/2025.2/Vivado/scripts/rt/data/unisim_comp.v:2678]
INFO: [Synth 8-6155] done synthesizing module 'BUFG' (0#1) [/home/ian-rider/tools/xilinx/2025.2/Vivado/scripts/rt/data/unisim_comp.v:2678]
INFO: [Synth 8-6157] synthesizing module 'pipe' [/home/ian-rider/eth_book_git_wa/ethernet_to_book/ethernet_to_book_proj/src/reuse/pipe.sv:7]
	Parameter DEPTH bound to: 32'sb00000000000000000000000000000011 
	Parameter ALLOW_SRL bound to: 1'b0 
INFO: [Synth 8-6155] done synthesizing module 'pipe' (0#1) [/home/ian-rider/eth_book_git_wa/ethernet_to_book/ethernet_to_book_proj/src/reuse/pipe.sv:7]
INFO: [Synth 8-6157] synthesizing module 'system_clocks_gen' [/home/ian-rider/eth_book_git_wa/ethernet_to_book/ethernet_to_book_proj/project/project.runs/synth_1/.Xil/Vivado-737374-ian-rider-B650-EAGLE-AX/realtime/system_clocks_gen_stub.v:6]
INFO: [Synth 8-6155] done synthesizing module 'system_clocks_gen' (0#1) [/home/ian-rider/eth_book_git_wa/ethernet_to_book/ethernet_to_book_proj/project/project.runs/synth_1/.Xil/Vivado-737374-ian-rider-B650-EAGLE-AX/realtime/system_clocks_gen_stub.v:6]
INFO: [Synth 8-6157] synthesizing module 'rx_clk_shift' [/home/ian-rider/eth_book_git_wa/ethernet_to_book/ethernet_to_book_proj/project/project.runs/synth_1/.Xil/Vivado-737374-ian-rider-B650-EAGLE-AX/realtime/rx_clk_shift_stub.v:6]
INFO: [Synth 8-6155] done synthesizing module 'rx_clk_shift' (0#1) [/home/ian-rider/eth_book_git_wa/ethernet_to_book/ethernet_to_book_proj/project/project.runs/synth_1/.Xil/Vivado-737374-ian-rider-B650-EAGLE-AX/realtime/rx_clk_shift_stub.v:6]
INFO: [Synth 8-6155] done synthesizing module 'clks_rsts' (0#1) [/home/ian-rider/eth_book_git_wa/ethernet_to_book/ethernet_to_book_proj/src/clks_rsts.sv:6]
INFO: [Synth 8-6157] synthesizing module 'rgmii' [/home/ian-rider/eth_book_git_wa/ethernet_to_book/ethernet_to_book_proj/src/rgmii.sv:8]
INFO: [Synth 8-6157] synthesizing module 'rgmii_rx' [/home/ian-rider/eth_book_git_wa/ethernet_to_book/ethernet_to_book_proj/src/rgmii_rx.sv:7]
INFO: [Synth 8-6157] synthesizing module 'IDDR' [/home/ian-rider/tools/xilinx/2025.2/Vivado/scripts/rt/data/unisim_comp.v:84974]
INFO: [Synth 8-6155] done synthesizing module 'IDDR' (0#1) [/home/ian-rider/tools/xilinx/2025.2/Vivado/scripts/rt/data/unisim_comp.v:84974]
INFO: [Synth 8-6155] done synthesizing module 'rgmii_rx' (0#1) [/home/ian-rider/eth_book_git_wa/ethernet_to_book/ethernet_to_book_proj/src/rgmii_rx.sv:7]
INFO: [Synth 8-6155] done synthesizing module 'rgmii' (0#1) [/home/ian-rider/eth_book_git_wa/ethernet_to_book/ethernet_to_book_proj/src/rgmii.sv:8]
WARNING: [Synth 8-7071] port 'rxDataLastOut' of module 'rgmii' is unconnected for instance 'mac_inst' [/home/ian-rider/eth_book_git_wa/ethernet_to_book/ethernet_to_book_proj/src/ethernet_to_book_top.sv:73]
WARNING: [Synth 8-7023] instance 'mac_inst' of module 'rgmii' has 14 connections declared, but only 13 given [/home/ian-rider/eth_book_git_wa/ethernet_to_book/ethernet_to_book_proj/src/ethernet_to_book_top.sv:73]
INFO: [Synth 8-6157] synthesizing module 'slow_fast_cdc' [/home/ian-rider/eth_book_git_wa/ethernet_to_book/ethernet_to_book_proj/src/slow_fast_cdc.sv:13]
	Parameter LOW_LAT_CDC bound to: 1'b1 
INFO: [Synth 8-6155] done synthesizing module 'slow_fast_cdc' (0#1) [/home/ian-rider/eth_book_git_wa/ethernet_to_book/ethernet_to_book_proj/src/slow_fast_cdc.sv:13]
INFO: [Synth 8-6157] synthesizing module 'eth_udp_parser' [/home/ian-rider/eth_book_git_wa/ethernet_to_book/ethernet_to_book_proj/src/eth_udp_parser.sv:9]
INFO: [Synth 8-6155] done synthesizing module 'eth_udp_parser' (0#1) [/home/ian-rider/eth_book_git_wa/ethernet_to_book/ethernet_to_book_proj/src/eth_udp_parser.sv:9]
INFO: [Synth 8-6157] synthesizing module 'itch_parser' [/home/ian-rider/eth_book_git_wa/ethernet_to_book/ethernet_to_book_proj/src/itch_parser.sv:8]
INFO: [Synth 8-155] case statement is not full and has no default [/home/ian-rider/eth_book_git_wa/ethernet_to_book/ethernet_to_book_proj/src/itch_parser.sv:144]
INFO: [Synth 8-6155] done synthesizing module 'itch_parser' (0#1) [/home/ian-rider/eth_book_git_wa/ethernet_to_book/ethernet_to_book_proj/src/itch_parser.sv:8]
WARNING: [Synth 8-689] width (64) of port connection 'sharesOut' does not match port width (32) of module 'itch_parser' [/home/ian-rider/eth_book_git_wa/ethernet_to_book/ethernet_to_book_proj/src/ethernet_to_book_top.sv:134]
WARNING: [Synth 8-4446] all outputs are unconnected for this instance and logic may be removed [/home/ian-rider/eth_book_git_wa/ethernet_to_book/ethernet_to_book_proj/src/ethernet_to_book_top.sv:143]
INFO: [Synth 8-6157] synthesizing module 'order_book_engine' [/home/ian-rider/eth_book_git_wa/ethernet_to_book/ethernet_to_book_proj/src/order_book_engine.sv:11]
	Parameter ORDER_MAP_DEPTH bound to: 32'sb00000000000000000000001000000000 
	Parameter ORDER_BOOK_DEPTH bound to: 32'sb00000000000000000000000000000011 
INFO: [Synth 8-6157] synthesizing module 'order_map' [/home/ian-rider/eth_book_git_wa/ethernet_to_book/ethernet_to_book_proj/src/order_map.sv:9]
	Parameter ORDER_MAP_DEPTH bound to: 32'sb00000000000000000000001000000000 
CRITICAL WARNING: [Synth 8-4445] could not open $readmem data file 'D:/FPGA/git_wa/ethernet_to_book_proj/src/reuse/init_ram_zeros.mem'; please make sure the file is added to project and has read permission, ignoring [/home/ian-rider/eth_book_git_wa/ethernet_to_book/ethernet_to_book_proj/src/order_map.sv:63]
WARNING: [Synth 8-2898] ignoring malformed $readmem task: invalid memory name [/home/ian-rider/eth_book_git_wa/ethernet_to_book/ethernet_to_book_proj/src/order_map.sv:64]
WARNING: [Synth 8-7186] Applying attribute ram_style = "block" is ignored, object 'orderInfoRamR[0][price]' is not inferred as ram due to incorrect usage [/home/ian-rider/eth_book_git_wa/ethernet_to_book/ethernet_to_book_proj/src/order_map.sv:43]
WARNING: [Synth 8-7186] Applying attribute ram_style = "block" is ignored, object 'orderInfoRamR[0][shares]' is not inferred as ram due to incorrect usage [/home/ian-rider/eth_book_git_wa/ethernet_to_book/ethernet_to_book_proj/src/order_map.sv:43]
WARNING: [Synth 8-7186] Applying attribute ram_style = "block" is ignored, object 'orderInfoRamR[0][buySell]' is not inferred as ram due to incorrect usage [/home/ian-rider/eth_book_git_wa/ethernet_to_book/ethernet_to_book_proj/src/order_map.sv:43]
WARNING: [Synth 8-7186] Applying attribute ram_style = "block" is ignored, object 'orderInfoRamR[1][price]' is not inferred as ram due to incorrect usage [/home/ian-rider/eth_book_git_wa/ethernet_to_book/ethernet_to_book_proj/src/order_map.sv:43]
WARNING: [Synth 8-7186] Applying attribute ram_style = "block" is ignored, object 'orderInfoRamR[1][shares]' is not inferred as ram due to incorrect usage [/home/ian-rider/eth_book_git_wa/ethernet_to_book/ethernet_to_book_proj/src/order_map.sv:43]
WARNING: [Synth 8-7186] Applying attribute ram_style = "block" is ignored, object 'orderInfoRamR[1][buySell]' is not inferred as ram due to incorrect usage [/home/ian-rider/eth_book_git_wa/ethernet_to_book/ethernet_to_book_proj/src/order_map.sv:43]
WARNING: [Synth 8-7186] Applying attribute ram_style = "block" is ignored, object 'orderInfoRamR[2][price]' is not inferred as ram due to incorrect usage [/home/ian-rider/eth_book_git_wa/ethernet_to_book/ethernet_to_book_proj/src/order_map.sv:43]
WARNING: [Synth 8-7186] Applying attribute ram_style = "block" is ignored, object 'orderInfoRamR[2][shares]' is not inferred as ram due to incorrect usage [/home/ian-rider/eth_book_git_wa/ethernet_to_book/ethernet_to_book_proj/src/order_map.sv:43]
WARNING: [Synth 8-7186] Applying attribute ram_style = "block" is ignored, object 'orderInfoRamR[2][buySell]' is not inferred as ram due to incorrect usage [/home/ian-rider/eth_book_git_wa/ethernet_to_book/ethernet_to_book_proj/src/order_map.sv:43]
WARNING: [Synth 8-7186] Applying attribute ram_style = "block" is ignored, object 'orderInfoRamR[3][price]' is not inferred as ram due to incorrect usage [/home/ian-rider/eth_book_git_wa/ethernet_to_book/ethernet_to_book_proj/src/order_map.sv:43]
WARNING: [Synth 8-7186] Applying attribute ram_style = "block" is ignored, object 'orderInfoRamR[3][shares]' is not inferred as ram due to incorrect usage [/home/ian-rider/eth_book_git_wa/ethernet_to_book/ethernet_to_book_proj/src/order_map.sv:43]
WARNING: [Synth 8-7186] Applying attribute ram_style = "block" is ignored, object 'orderInfoRamR[3][buySell]' is not inferred as ram due to incorrect usage [/home/ian-rider/eth_book_git_wa/ethernet_to_book/ethernet_to_book_proj/src/order_map.sv:43]
WARNING: [Synth 8-7186] Applying attribute ram_style = "block" is ignored, object 'orderInfoRamR[4][price]' is not inferred as ram due to incorrect usage [/home/ian-rider/eth_book_git_wa/ethernet_to_book/ethernet_to_book_proj/src/order_map.sv:43]
WARNING: [Synth 8-7186] Applying attribute ram_style = "block" is ignored, object 'orderInfoRamR[4][shares]' is not inferred as ram due to incorrect usage [/home/ian-rider/eth_book_git_wa/ethernet_to_book/ethernet_to_book_proj/src/order_map.sv:43]
WARNING: [Synth 8-7186] Applying attribute ram_style = "block" is ignored, object 'orderInfoRamR[4][buySell]' is not inferred as ram due to incorrect usage [/home/ian-rider/eth_book_git_wa/ethernet_to_book/ethernet_to_book_proj/src/order_map.sv:43]
WARNING: [Synth 8-7186] Applying attribute ram_style = "block" is ignored, object 'orderInfoRamR[5][price]' is not inferred as ram due to incorrect usage [/home/ian-rider/eth_book_git_wa/ethernet_to_book/ethernet_to_book_proj/src/order_map.sv:43]
WARNING: [Synth 8-7186] Applying attribute ram_style = "block" is ignored, object 'orderInfoRamR[5][shares]' is not inferred as ram due to incorrect usage [/home/ian-rider/eth_book_git_wa/ethernet_to_book/ethernet_to_book_proj/src/order_map.sv:43]
WARNING: [Synth 8-7186] Applying attribute ram_style = "block" is ignored, object 'orderInfoRamR[5][buySell]' is not inferred as ram due to incorrect usage [/home/ian-rider/eth_book_git_wa/ethernet_to_book/ethernet_to_book_proj/src/order_map.sv:43]
WARNING: [Synth 8-7186] Applying attribute ram_style = "block" is ignored, object 'orderInfoRamR[6][price]' is not inferred as ram due to incorrect usage [/home/ian-rider/eth_book_git_wa/ethernet_to_book/ethernet_to_book_proj/src/order_map.sv:43]
WARNING: [Synth 8-7186] Applying attribute ram_style = "block" is ignored, object 'orderInfoRamR[6][shares]' is not inferred as ram due to incorrect usage [/home/ian-rider/eth_book_git_wa/ethernet_to_book/ethernet_to_book_proj/src/order_map.sv:43]
WARNING: [Synth 8-7186] Applying attribute ram_style = "block" is ignored, object 'orderInfoRamR[6][buySell]' is not inferred as ram due to incorrect usage [/home/ian-rider/eth_book_git_wa/ethernet_to_book/ethernet_to_book_proj/src/order_map.sv:43]
WARNING: [Synth 8-7186] Applying attribute ram_style = "block" is ignored, object 'orderInfoRamR[7][price]' is not inferred as ram due to incorrect usage [/home/ian-rider/eth_book_git_wa/ethernet_to_book/ethernet_to_book_proj/src/order_map.sv:43]
WARNING: [Synth 8-7186] Applying attribute ram_style = "block" is ignored, object 'orderInfoRamR[7][shares]' is not inferred as ram due to incorrect usage [/home/ian-rider/eth_book_git_wa/ethernet_to_book/ethernet_to_book_proj/src/order_map.sv:43]
WARNING: [Synth 8-7186] Applying attribute ram_style = "block" is ignored, object 'orderInfoRamR[7][buySell]' is not inferred as ram due to incorrect usage [/home/ian-rider/eth_book_git_wa/ethernet_to_book/ethernet_to_book_proj/src/order_map.sv:43]
WARNING: [Synth 8-7186] Applying attribute ram_style = "block" is ignored, object 'orderInfoRamR[8][price]' is not inferred as ram due to incorrect usage [/home/ian-rider/eth_book_git_wa/ethernet_to_book/ethernet_to_book_proj/src/order_map.sv:43]
WARNING: [Synth 8-7186] Applying attribute ram_style = "block" is ignored, object 'orderInfoRamR[8][shares]' is not inferred as ram due to incorrect usage [/home/ian-rider/eth_book_git_wa/ethernet_to_book/ethernet_to_book_proj/src/order_map.sv:43]
WARNING: [Synth 8-7186] Applying attribute ram_style = "block" is ignored, object 'orderInfoRamR[8][buySell]' is not inferred as ram due to incorrect usage [/home/ian-rider/eth_book_git_wa/ethernet_to_book/ethernet_to_book_proj/src/order_map.sv:43]
WARNING: [Synth 8-7186] Applying attribute ram_style = "block" is ignored, object 'orderInfoRamR[9][price]' is not inferred as ram due to incorrect usage [/home/ian-rider/eth_book_git_wa/ethernet_to_book/ethernet_to_book_proj/src/order_map.sv:43]
WARNING: [Synth 8-7186] Applying attribute ram_style = "block" is ignored, object 'orderInfoRamR[9][shares]' is not inferred as ram due to incorrect usage [/home/ian-rider/eth_book_git_wa/ethernet_to_book/ethernet_to_book_proj/src/order_map.sv:43]
WARNING: [Synth 8-7186] Applying attribute ram_style = "block" is ignored, object 'orderInfoRamR[9][buySell]' is not inferred as ram due to incorrect usage [/home/ian-rider/eth_book_git_wa/ethernet_to_book/ethernet_to_book_proj/src/order_map.sv:43]
WARNING: [Synth 8-7186] Applying attribute ram_style = "block" is ignored, object 'orderInfoRamR[10][price]' is not inferred as ram due to incorrect usage [/home/ian-rider/eth_book_git_wa/ethernet_to_book/ethernet_to_book_proj/src/order_map.sv:43]
WARNING: [Synth 8-7186] Applying attribute ram_style = "block" is ignored, object 'orderInfoRamR[10][shares]' is not inferred as ram due to incorrect usage [/home/ian-rider/eth_book_git_wa/ethernet_to_book/ethernet_to_book_proj/src/order_map.sv:43]
WARNING: [Synth 8-7186] Applying attribute ram_style = "block" is ignored, object 'orderInfoRamR[10][buySell]' is not inferred as ram due to incorrect usage [/home/ian-rider/eth_book_git_wa/ethernet_to_book/ethernet_to_book_proj/src/order_map.sv:43]
WARNING: [Synth 8-7186] Applying attribute ram_style = "block" is ignored, object 'orderInfoRamR[11][price]' is not inferred as ram due to incorrect usage [/home/ian-rider/eth_book_git_wa/ethernet_to_book/ethernet_to_book_proj/src/order_map.sv:43]
WARNING: [Synth 8-7186] Applying attribute ram_style = "block" is ignored, object 'orderInfoRamR[11][shares]' is not inferred as ram due to incorrect usage [/home/ian-rider/eth_book_git_wa/ethernet_to_book/ethernet_to_book_proj/src/order_map.sv:43]
WARNING: [Synth 8-7186] Applying attribute ram_style = "block" is ignored, object 'orderInfoRamR[11][buySell]' is not inferred as ram due to incorrect usage [/home/ian-rider/eth_book_git_wa/ethernet_to_book/ethernet_to_book_proj/src/order_map.sv:43]
WARNING: [Synth 8-7186] Applying attribute ram_style = "block" is ignored, object 'orderInfoRamR[12][price]' is not inferred as ram due to incorrect usage [/home/ian-rider/eth_book_git_wa/ethernet_to_book/ethernet_to_book_proj/src/order_map.sv:43]
WARNING: [Synth 8-7186] Applying attribute ram_style = "block" is ignored, object 'orderInfoRamR[12][shares]' is not inferred as ram due to incorrect usage [/home/ian-rider/eth_book_git_wa/ethernet_to_book/ethernet_to_book_proj/src/order_map.sv:43]
WARNING: [Synth 8-7186] Applying attribute ram_style = "block" is ignored, object 'orderInfoRamR[12][buySell]' is not inferred as ram due to incorrect usage [/home/ian-rider/eth_book_git_wa/ethernet_to_book/ethernet_to_book_proj/src/order_map.sv:43]
WARNING: [Synth 8-7186] Applying attribute ram_style = "block" is ignored, object 'orderInfoRamR[13][price]' is not inferred as ram due to incorrect usage [/home/ian-rider/eth_book_git_wa/ethernet_to_book/ethernet_to_book_proj/src/order_map.sv:43]
WARNING: [Synth 8-7186] Applying attribute ram_style = "block" is ignored, object 'orderInfoRamR[13][shares]' is not inferred as ram due to incorrect usage [/home/ian-rider/eth_book_git_wa/ethernet_to_book/ethernet_to_book_proj/src/order_map.sv:43]
WARNING: [Synth 8-7186] Applying attribute ram_style = "block" is ignored, object 'orderInfoRamR[13][buySell]' is not inferred as ram due to incorrect usage [/home/ian-rider/eth_book_git_wa/ethernet_to_book/ethernet_to_book_proj/src/order_map.sv:43]
WARNING: [Synth 8-7186] Applying attribute ram_style = "block" is ignored, object 'orderInfoRamR[14][price]' is not inferred as ram due to incorrect usage [/home/ian-rider/eth_book_git_wa/ethernet_to_book/ethernet_to_book_proj/src/order_map.sv:43]
WARNING: [Synth 8-7186] Applying attribute ram_style = "block" is ignored, object 'orderInfoRamR[14][shares]' is not inferred as ram due to incorrect usage [/home/ian-rider/eth_book_git_wa/ethernet_to_book/ethernet_to_book_proj/src/order_map.sv:43]
WARNING: [Synth 8-7186] Applying attribute ram_style = "block" is ignored, object 'orderInfoRamR[14][buySell]' is not inferred as ram due to incorrect usage [/home/ian-rider/eth_book_git_wa/ethernet_to_book/ethernet_to_book_proj/src/order_map.sv:43]
WARNING: [Synth 8-7186] Applying attribute ram_style = "block" is ignored, object 'orderInfoRamR[15][price]' is not inferred as ram due to incorrect usage [/home/ian-rider/eth_book_git_wa/ethernet_to_book/ethernet_to_book_proj/src/order_map.sv:43]
WARNING: [Synth 8-7186] Applying attribute ram_style = "block" is ignored, object 'orderInfoRamR[15][shares]' is not inferred as ram due to incorrect usage [/home/ian-rider/eth_book_git_wa/ethernet_to_book/ethernet_to_book_proj/src/order_map.sv:43]
WARNING: [Synth 8-7186] Applying attribute ram_style = "block" is ignored, object 'orderInfoRamR[15][buySell]' is not inferred as ram due to incorrect usage [/home/ian-rider/eth_book_git_wa/ethernet_to_book/ethernet_to_book_proj/src/order_map.sv:43]
WARNING: [Synth 8-7186] Applying attribute ram_style = "block" is ignored, object 'orderInfoRamR[16][price]' is not inferred as ram due to incorrect usage [/home/ian-rider/eth_book_git_wa/ethernet_to_book/ethernet_to_book_proj/src/order_map.sv:43]
WARNING: [Synth 8-7186] Applying attribute ram_style = "block" is ignored, object 'orderInfoRamR[16][shares]' is not inferred as ram due to incorrect usage [/home/ian-rider/eth_book_git_wa/ethernet_to_book/ethernet_to_book_proj/src/order_map.sv:43]
WARNING: [Synth 8-7186] Applying attribute ram_style = "block" is ignored, object 'orderInfoRamR[16][buySell]' is not inferred as ram due to incorrect usage [/home/ian-rider/eth_book_git_wa/ethernet_to_book/ethernet_to_book_proj/src/order_map.sv:43]
WARNING: [Synth 8-7186] Applying attribute ram_style = "block" is ignored, object 'orderInfoRamR[17][price]' is not inferred as ram due to incorrect usage [/home/ian-rider/eth_book_git_wa/ethernet_to_book/ethernet_to_book_proj/src/order_map.sv:43]
WARNING: [Synth 8-7186] Applying attribute ram_style = "block" is ignored, object 'orderInfoRamR[17][shares]' is not inferred as ram due to incorrect usage [/home/ian-rider/eth_book_git_wa/ethernet_to_book/ethernet_to_book_proj/src/order_map.sv:43]
WARNING: [Synth 8-7186] Applying attribute ram_style = "block" is ignored, object 'orderInfoRamR[17][buySell]' is not inferred as ram due to incorrect usage [/home/ian-rider/eth_book_git_wa/ethernet_to_book/ethernet_to_book_proj/src/order_map.sv:43]
WARNING: [Synth 8-7186] Applying attribute ram_style = "block" is ignored, object 'orderInfoRamR[18][price]' is not inferred as ram due to incorrect usage [/home/ian-rider/eth_book_git_wa/ethernet_to_book/ethernet_to_book_proj/src/order_map.sv:43]
WARNING: [Synth 8-7186] Applying attribute ram_style = "block" is ignored, object 'orderInfoRamR[18][shares]' is not inferred as ram due to incorrect usage [/home/ian-rider/eth_book_git_wa/ethernet_to_book/ethernet_to_book_proj/src/order_map.sv:43]
WARNING: [Synth 8-7186] Applying attribute ram_style = "block" is ignored, object 'orderInfoRamR[18][buySell]' is not inferred as ram due to incorrect usage [/home/ian-rider/eth_book_git_wa/ethernet_to_book/ethernet_to_book_proj/src/order_map.sv:43]
WARNING: [Synth 8-7186] Applying attribute ram_style = "block" is ignored, object 'orderInfoRamR[19][price]' is not inferred as ram due to incorrect usage [/home/ian-rider/eth_book_git_wa/ethernet_to_book/ethernet_to_book_proj/src/order_map.sv:43]
WARNING: [Synth 8-7186] Applying attribute ram_style = "block" is ignored, object 'orderInfoRamR[19][shares]' is not inferred as ram due to incorrect usage [/home/ian-rider/eth_book_git_wa/ethernet_to_book/ethernet_to_book_proj/src/order_map.sv:43]
WARNING: [Synth 8-7186] Applying attribute ram_style = "block" is ignored, object 'orderInfoRamR[19][buySell]' is not inferred as ram due to incorrect usage [/home/ian-rider/eth_book_git_wa/ethernet_to_book/ethernet_to_book_proj/src/order_map.sv:43]
WARNING: [Synth 8-7186] Applying attribute ram_style = "block" is ignored, object 'orderInfoRamR[20][price]' is not inferred as ram due to incorrect usage [/home/ian-rider/eth_book_git_wa/ethernet_to_book/ethernet_to_book_proj/src/order_map.sv:43]
WARNING: [Synth 8-7186] Applying attribute ram_style = "block" is ignored, object 'orderInfoRamR[20][shares]' is not inferred as ram due to incorrect usage [/home/ian-rider/eth_book_git_wa/ethernet_to_book/ethernet_to_book_proj/src/order_map.sv:43]
WARNING: [Synth 8-7186] Applying attribute ram_style = "block" is ignored, object 'orderInfoRamR[20][buySell]' is not inferred as ram due to incorrect usage [/home/ian-rider/eth_book_git_wa/ethernet_to_book/ethernet_to_book_proj/src/order_map.sv:43]
WARNING: [Synth 8-7186] Applying attribute ram_style = "block" is ignored, object 'orderInfoRamR[21][price]' is not inferred as ram due to incorrect usage [/home/ian-rider/eth_book_git_wa/ethernet_to_book/ethernet_to_book_proj/src/order_map.sv:43]
WARNING: [Synth 8-7186] Applying attribute ram_style = "block" is ignored, object 'orderInfoRamR[21][shares]' is not inferred as ram due to incorrect usage [/home/ian-rider/eth_book_git_wa/ethernet_to_book/ethernet_to_book_proj/src/order_map.sv:43]
WARNING: [Synth 8-7186] Applying attribute ram_style = "block" is ignored, object 'orderInfoRamR[21][buySell]' is not inferred as ram due to incorrect usage [/home/ian-rider/eth_book_git_wa/ethernet_to_book/ethernet_to_book_proj/src/order_map.sv:43]
WARNING: [Synth 8-7186] Applying attribute ram_style = "block" is ignored, object 'orderInfoRamR[22][price]' is not inferred as ram due to incorrect usage [/home/ian-rider/eth_book_git_wa/ethernet_to_book/ethernet_to_book_proj/src/order_map.sv:43]
WARNING: [Synth 8-7186] Applying attribute ram_style = "block" is ignored, object 'orderInfoRamR[22][shares]' is not inferred as ram due to incorrect usage [/home/ian-rider/eth_book_git_wa/ethernet_to_book/ethernet_to_book_proj/src/order_map.sv:43]
WARNING: [Synth 8-7186] Applying attribute ram_style = "block" is ignored, object 'orderInfoRamR[22][buySell]' is not inferred as ram due to incorrect usage [/home/ian-rider/eth_book_git_wa/ethernet_to_book/ethernet_to_book_proj/src/order_map.sv:43]
WARNING: [Synth 8-7186] Applying attribute ram_style = "block" is ignored, object 'orderInfoRamR[23][price]' is not inferred as ram due to incorrect usage [/home/ian-rider/eth_book_git_wa/ethernet_to_book/ethernet_to_book_proj/src/order_map.sv:43]
WARNING: [Synth 8-7186] Applying attribute ram_style = "block" is ignored, object 'orderInfoRamR[23][shares]' is not inferred as ram due to incorrect usage [/home/ian-rider/eth_book_git_wa/ethernet_to_book/ethernet_to_book_proj/src/order_map.sv:43]
WARNING: [Synth 8-7186] Applying attribute ram_style = "block" is ignored, object 'orderInfoRamR[23][buySell]' is not inferred as ram due to incorrect usage [/home/ian-rider/eth_book_git_wa/ethernet_to_book/ethernet_to_book_proj/src/order_map.sv:43]
WARNING: [Synth 8-7186] Applying attribute ram_style = "block" is ignored, object 'orderInfoRamR[24][price]' is not inferred as ram due to incorrect usage [/home/ian-rider/eth_book_git_wa/ethernet_to_book/ethernet_to_book_proj/src/order_map.sv:43]
WARNING: [Synth 8-7186] Applying attribute ram_style = "block" is ignored, object 'orderInfoRamR[24][shares]' is not inferred as ram due to incorrect usage [/home/ian-rider/eth_book_git_wa/ethernet_to_book/ethernet_to_book_proj/src/order_map.sv:43]
WARNING: [Synth 8-7186] Applying attribute ram_style = "block" is ignored, object 'orderInfoRamR[24][buySell]' is not inferred as ram due to incorrect usage [/home/ian-rider/eth_book_git_wa/ethernet_to_book/ethernet_to_book_proj/src/order_map.sv:43]
WARNING: [Synth 8-7186] Applying attribute ram_style = "block" is ignored, object 'orderInfoRamR[25][price]' is not inferred as ram due to incorrect usage [/home/ian-rider/eth_book_git_wa/ethernet_to_book/ethernet_to_book_proj/src/order_map.sv:43]
WARNING: [Synth 8-7186] Applying attribute ram_style = "block" is ignored, object 'orderInfoRamR[25][shares]' is not inferred as ram due to incorrect usage [/home/ian-rider/eth_book_git_wa/ethernet_to_book/ethernet_to_book_proj/src/order_map.sv:43]
WARNING: [Synth 8-7186] Applying attribute ram_style = "block" is ignored, object 'orderInfoRamR[25][buySell]' is not inferred as ram due to incorrect usage [/home/ian-rider/eth_book_git_wa/ethernet_to_book/ethernet_to_book_proj/src/order_map.sv:43]
WARNING: [Synth 8-7186] Applying attribute ram_style = "block" is ignored, object 'orderInfoRamR[26][price]' is not inferred as ram due to incorrect usage [/home/ian-rider/eth_book_git_wa/ethernet_to_book/ethernet_to_book_proj/src/order_map.sv:43]
WARNING: [Synth 8-7186] Applying attribute ram_style = "block" is ignored, object 'orderInfoRamR[26][shares]' is not inferred as ram due to incorrect usage [/home/ian-rider/eth_book_git_wa/ethernet_to_book/ethernet_to_book_proj/src/order_map.sv:43]
WARNING: [Synth 8-7186] Applying attribute ram_style = "block" is ignored, object 'orderInfoRamR[26][buySell]' is not inferred as ram due to incorrect usage [/home/ian-rider/eth_book_git_wa/ethernet_to_book/ethernet_to_book_proj/src/order_map.sv:43]
WARNING: [Synth 8-7186] Applying attribute ram_style = "block" is ignored, object 'orderInfoRamR[27][price]' is not inferred as ram due to incorrect usage [/home/ian-rider/eth_book_git_wa/ethernet_to_book/ethernet_to_book_proj/src/order_map.sv:43]
WARNING: [Synth 8-7186] Applying attribute ram_style = "block" is ignored, object 'orderInfoRamR[27][shares]' is not inferred as ram due to incorrect usage [/home/ian-rider/eth_book_git_wa/ethernet_to_book/ethernet_to_book_proj/src/order_map.sv:43]
WARNING: [Synth 8-7186] Applying attribute ram_style = "block" is ignored, object 'orderInfoRamR[27][buySell]' is not inferred as ram due to incorrect usage [/home/ian-rider/eth_book_git_wa/ethernet_to_book/ethernet_to_book_proj/src/order_map.sv:43]
WARNING: [Synth 8-7186] Applying attribute ram_style = "block" is ignored, object 'orderInfoRamR[28][price]' is not inferred as ram due to incorrect usage [/home/ian-rider/eth_book_git_wa/ethernet_to_book/ethernet_to_book_proj/src/order_map.sv:43]
WARNING: [Synth 8-7186] Applying attribute ram_style = "block" is ignored, object 'orderInfoRamR[28][shares]' is not inferred as ram due to incorrect usage [/home/ian-rider/eth_book_git_wa/ethernet_to_book/ethernet_to_book_proj/src/order_map.sv:43]
WARNING: [Synth 8-7186] Applying attribute ram_style = "block" is ignored, object 'orderInfoRamR[28][buySell]' is not inferred as ram due to incorrect usage [/home/ian-rider/eth_book_git_wa/ethernet_to_book/ethernet_to_book_proj/src/order_map.sv:43]
WARNING: [Synth 8-7186] Applying attribute ram_style = "block" is ignored, object 'orderInfoRamR[29][price]' is not inferred as ram due to incorrect usage [/home/ian-rider/eth_book_git_wa/ethernet_to_book/ethernet_to_book_proj/src/order_map.sv:43]
WARNING: [Synth 8-7186] Applying attribute ram_style = "block" is ignored, object 'orderInfoRamR[29][shares]' is not inferred as ram due to incorrect usage [/home/ian-rider/eth_book_git_wa/ethernet_to_book/ethernet_to_book_proj/src/order_map.sv:43]
WARNING: [Synth 8-7186] Applying attribute ram_style = "block" is ignored, object 'orderInfoRamR[29][buySell]' is not inferred as ram due to incorrect usage [/home/ian-rider/eth_book_git_wa/ethernet_to_book/ethernet_to_book_proj/src/order_map.sv:43]
WARNING: [Synth 8-7186] Applying attribute ram_style = "block" is ignored, object 'orderInfoRamR[30][price]' is not inferred as ram due to incorrect usage [/home/ian-rider/eth_book_git_wa/ethernet_to_book/ethernet_to_book_proj/src/order_map.sv:43]
WARNING: [Synth 8-7186] Applying attribute ram_style = "block" is ignored, object 'orderInfoRamR[30][shares]' is not inferred as ram due to incorrect usage [/home/ian-rider/eth_book_git_wa/ethernet_to_book/ethernet_to_book_proj/src/order_map.sv:43]
WARNING: [Synth 8-7186] Applying attribute ram_style = "block" is ignored, object 'orderInfoRamR[30][buySell]' is not inferred as ram due to incorrect usage [/home/ian-rider/eth_book_git_wa/ethernet_to_book/ethernet_to_book_proj/src/order_map.sv:43]
WARNING: [Synth 8-7186] Applying attribute ram_style = "block" is ignored, object 'orderInfoRamR[31][price]' is not inferred as ram due to incorrect usage [/home/ian-rider/eth_book_git_wa/ethernet_to_book/ethernet_to_book_proj/src/order_map.sv:43]
WARNING: [Synth 8-7186] Applying attribute ram_style = "block" is ignored, object 'orderInfoRamR[31][shares]' is not inferred as ram due to incorrect usage [/home/ian-rider/eth_book_git_wa/ethernet_to_book/ethernet_to_book_proj/src/order_map.sv:43]
WARNING: [Synth 8-7186] Applying attribute ram_style = "block" is ignored, object 'orderInfoRamR[31][buySell]' is not inferred as ram due to incorrect usage [/home/ian-rider/eth_book_git_wa/ethernet_to_book/ethernet_to_book_proj/src/order_map.sv:43]
WARNING: [Synth 8-7186] Applying attribute ram_style = "block" is ignored, object 'orderInfoRamR[32][price]' is not inferred as ram due to incorrect usage [/home/ian-rider/eth_book_git_wa/ethernet_to_book/ethernet_to_book_proj/src/order_map.sv:43]
WARNING: [Synth 8-7186] Applying attribute ram_style = "block" is ignored, object 'orderInfoRamR[32][shares]' is not inferred as ram due to incorrect usage [/home/ian-rider/eth_book_git_wa/ethernet_to_book/ethernet_to_book_proj/src/order_map.sv:43]
WARNING: [Synth 8-7186] Applying attribute ram_style = "block" is ignored, object 'orderInfoRamR[32][buySell]' is not inferred as ram due to incorrect usage [/home/ian-rider/eth_book_git_wa/ethernet_to_book/ethernet_to_book_proj/src/order_map.sv:43]
WARNING: [Synth 8-7186] Applying attribute ram_style = "block" is ignored, object 'orderInfoRamR[33][price]' is not inferred as ram due to incorrect usage [/home/ian-rider/eth_book_git_wa/ethernet_to_book/ethernet_to_book_proj/src/order_map.sv:43]
INFO: [Common 17-14] Message 'Synth 8-7186' appears 100 times and further instances of the messages will be disabled. Use the Tcl command set_msg_config to change the current settings.
INFO: [Synth 8-6157] synthesizing module 'pipe__parameterized0' [/home/ian-rider/eth_book_git_wa/ethernet_to_book/ethernet_to_book_proj/src/reuse/pipe.sv:7]
	Parameter DEPTH bound to: 32'sb00000000000000000000000000000011 
INFO: [Synth 8-6155] done synthesizing module 'pipe__parameterized0' (0#1) [/home/ian-rider/eth_book_git_wa/ethernet_to_book/ethernet_to_book_proj/src/reuse/pipe.sv:7]
INFO: [Synth 8-6157] synthesizing module 'pipe__parameterized1' [/home/ian-rider/eth_book_git_wa/ethernet_to_book/ethernet_to_book_proj/src/reuse/pipe.sv:7]
	Parameter DEPTH bound to: 32'sb00000000000000000000000000000011 
	Parameter WIDTH bound to: 32'sb00000000000000000000000001100000 
INFO: [Synth 8-6155] done synthesizing module 'pipe__parameterized1' (0#1) [/home/ian-rider/eth_book_git_wa/ethernet_to_book/ethernet_to_book_proj/src/reuse/pipe.sv:7]
WARNING: [Synth 8-689] width (65) of port connection 'DIn' does not match port width (96) of module 'pipe__parameterized1' [/home/ian-rider/eth_book_git_wa/ethernet_to_book/ethernet_to_book_proj/src/order_map.sv:105]
WARNING: [Synth 8-689] width (65) of port connection 'QOut' does not match port width (96) of module 'pipe__parameterized1' [/home/ian-rider/eth_book_git_wa/ethernet_to_book/ethernet_to_book_proj/src/order_map.sv:105]
INFO: [Synth 8-6157] synthesizing module 'pipe__parameterized2' [/home/ian-rider/eth_book_git_wa/ethernet_to_book/ethernet_to_book_proj/src/reuse/pipe.sv:7]
	Parameter DEPTH bound to: 32'sb00000000000000000000000000000011 
	Parameter WIDTH bound to: 32'sb00000000000000000000000001000000 
INFO: [Synth 8-6155] done synthesizing module 'pipe__parameterized2' (0#1) [/home/ian-rider/eth_book_git_wa/ethernet_to_book/ethernet_to_book_proj/src/reuse/pipe.sv:7]
INFO: [Synth 8-6157] synthesizing module 'pipe__parameterized3' [/home/ian-rider/eth_book_git_wa/ethernet_to_book/ethernet_to_book_proj/src/reuse/pipe.sv:7]
	Parameter DEPTH bound to: 32'sb00000000000000000000000000000010 
	Parameter WIDTH bound to: 32'sb00000000000000000000000000100000 
INFO: [Synth 8-6155] done synthesizing module 'pipe__parameterized3' (0#1) [/home/ian-rider/eth_book_git_wa/ethernet_to_book/ethernet_to_book_proj/src/reuse/pipe.sv:7]
INFO: [Synth 8-6157] synthesizing module 'pipe__parameterized4' [/home/ian-rider/eth_book_git_wa/ethernet_to_book/ethernet_to_book_proj/src/reuse/pipe.sv:7]
	Parameter DEPTH bound to: 32'sb00000000000000000000000000000010 
	Parameter WIDTH bound to: 32'sb00000000000000000000000000000001 
INFO: [Synth 8-6155] done synthesizing module 'pipe__parameterized4' (0#1) [/home/ian-rider/eth_book_git_wa/ethernet_to_book/ethernet_to_book_proj/src/reuse/pipe.sv:7]
INFO: [Synth 8-6155] done synthesizing module 'order_map' (0#1) [/home/ian-rider/eth_book_git_wa/ethernet_to_book/ethernet_to_book_proj/src/order_map.sv:9]
WARNING: [Synth 8-4446] all outputs are unconnected for this instance and logic may be removed [/home/ian-rider/eth_book_git_wa/ethernet_to_book/ethernet_to_book_proj/src/order_book_engine.sv:60]
INFO: [Synth 8-6157] synthesizing module 'order_book' [/home/ian-rider/eth_book_git_wa/ethernet_to_book/ethernet_to_book_proj/src/order_book.sv:8]
	Parameter DEPTH bound to: 32'sb00000000000000000000000000000011 
WARNING: [Synth 8-4446] all outputs are unconnected for this instance and logic may be removed [/home/ian-rider/eth_book_git_wa/ethernet_to_book/ethernet_to_book_proj/src/order_book.sv:546]
INFO: [Synth 8-6157] synthesizing module 'top_of_book_ila' [/home/ian-rider/eth_book_git_wa/ethernet_to_book/ethernet_to_book_proj/project/project.runs/synth_1/.Xil/Vivado-737374-ian-rider-B650-EAGLE-AX/realtime/top_of_book_ila_stub.v:6]
INFO: [Synth 8-6155] done synthesizing module 'top_of_book_ila' (0#1) [/home/ian-rider/eth_book_git_wa/ethernet_to_book/ethernet_to_book_proj/project/project.runs/synth_1/.Xil/Vivado-737374-ian-rider-B650-EAGLE-AX/realtime/top_of_book_ila_stub.v:6]
WARNING: [Synth 8-7071] port 'trig_in_ack' of module 'top_of_book_ila' is unconnected for instance 'book_ila_inst' [/home/ian-rider/eth_book_git_wa/ethernet_to_book/ethernet_to_book_proj/src/order_book.sv:546]
WARNING: [Synth 8-7023] instance 'book_ila_inst' of module 'top_of_book_ila' has 5 connections declared, but only 4 given [/home/ian-rider/eth_book_git_wa/ethernet_to_book/ethernet_to_book_proj/src/order_book.sv:546]
INFO: [Synth 8-6155] done synthesizing module 'order_book' (0#1) [/home/ian-rider/eth_book_git_wa/ethernet_to_book/ethernet_to_book_proj/src/order_book.sv:8]
INFO: [Synth 8-6155] done synthesizing module 'order_book_engine' (0#1) [/home/ian-rider/eth_book_git_wa/ethernet_to_book/ethernet_to_book_proj/src/order_book_engine.sv:11]
WARNING: [Synth 8-689] width (64) of port connection 'sharesIn' does not match port width (32) of module 'order_book_engine' [/home/ian-rider/eth_book_git_wa/ethernet_to_book/ethernet_to_book_proj/src/ethernet_to_book_top.sv:152]
INFO: [Synth 8-6155] done synthesizing module 'ethernet_to_book_top' (0#1) [/home/ian-rider/eth_book_git_wa/ethernet_to_book/ethernet_to_book_proj/src/ethernet_to_book_top.sv:10]
WARNING: [Synth 8-6014] Unused sequential element moldHeaderR_reg[sessId] was removed.  [/home/ian-rider/eth_book_git_wa/ethernet_to_book/ethernet_to_book_proj/src/eth_udp_parser.sv:173]
WARNING: [Synth 8-6014] Unused sequential element moldHeaderR_reg[seqNum] was removed.  [/home/ian-rider/eth_book_git_wa/ethernet_to_book/ethernet_to_book_proj/src/eth_udp_parser.sv:173]
WARNING: [Synth 8-6014] Unused sequential element moldHeaderR_reg[msgCnt] was removed.  [/home/ian-rider/eth_book_git_wa/ethernet_to_book/ethernet_to_book_proj/src/eth_udp_parser.sv:173]
WARNING: [Synth 8-6014] Unused sequential element moldHeaderR_reg[moldLen] was removed.  [/home/ian-rider/eth_book_git_wa/ethernet_to_book/ethernet_to_book_proj/src/eth_udp_parser.sv:173]
WARNING: [Synth 8-6014] Unused sequential element orderDataOAR_reg[price] was removed.  [/home/ian-rider/eth_book_git_wa/ethernet_to_book/ethernet_to_book_proj/src/order_map.sv:86]
WARNING: [Synth 8-6014] Unused sequential element orderDataOAR_reg[shares] was removed.  [/home/ian-rider/eth_book_git_wa/ethernet_to_book/ethernet_to_book_proj/src/order_map.sv:86]
WARNING: [Synth 8-6014] Unused sequential element orderDataOAR_reg[buySell] was removed.  [/home/ian-rider/eth_book_git_wa/ethernet_to_book/ethernet_to_book_proj/src/order_map.sv:86]
WARNING: [Synth 8-6014] Unused sequential element delExecValidOut_reg was removed.  [/home/ian-rider/eth_book_git_wa/ethernet_to_book/ethernet_to_book_proj/src/order_map.sv:147]
WARNING: [Synth 8-3848] Net locateOut in module/entity order_map does not have driver. [/home/ian-rider/eth_book_git_wa/ethernet_to_book/ethernet_to_book_proj/src/order_map.sv:28]
INFO: [Synth 8-6071] Mark debug on the nets applies keep_hierarchy on instance 'book_ila_inst'. This will prevent further optimization [/home/ian-rider/eth_book_git_wa/ethernet_to_book/ethernet_to_book_proj/src/order_book.sv:546]
WARNING: [Synth 8-7129] Port locateIn[15] in module order_book is either unconnected or has no load
WARNING: [Synth 8-7129] Port locateIn[14] in module order_book is either unconnected or has no load
WARNING: [Synth 8-7129] Port locateIn[13] in module order_book is either unconnected or has no load
WARNING: [Synth 8-7129] Port locateIn[12] in module order_book is either unconnected or has no load
WARNING: [Synth 8-7129] Port locateIn[11] in module order_book is either unconnected or has no load
WARNING: [Synth 8-7129] Port locateIn[10] in module order_book is either unconnected or has no load
WARNING: [Synth 8-7129] Port locateIn[9] in module order_book is either unconnected or has no load
WARNING: [Synth 8-7129] Port locateIn[8] in module order_book is either unconnected or has no load
WARNING: [Synth 8-7129] Port locateIn[7] in module order_book is either unconnected or has no load
WARNING: [Synth 8-7129] Port locateIn[6] in module order_book is either unconnected or has no load
WARNING: [Synth 8-7129] Port locateIn[5] in module order_book is either unconnected or has no load
WARNING: [Synth 8-7129] Port locateIn[4] in module order_book is either unconnected or has no load
WARNING: [Synth 8-7129] Port locateIn[3] in module order_book is either unconnected or has no load
WARNING: [Synth 8-7129] Port locateIn[2] in module order_book is either unconnected or has no load
WARNING: [Synth 8-7129] Port locateIn[1] in module order_book is either unconnected or has no load
WARNING: [Synth 8-7129] Port locateIn[0] in module order_book is either unconnected or has no load
WARNING: [Synth 8-7129] Port mapLocateIn[15] in module order_book is either unconnected or has no load
WARNING: [Synth 8-7129] Port mapLocateIn[14] in module order_book is either unconnected or has no load
WARNING: [Synth 8-7129] Port mapLocateIn[13] in module order_book is either unconnected or has no load
WARNING: [Synth 8-7129] Port mapLocateIn[12] in module order_book is either unconnected or has no load
WARNING: [Synth 8-7129] Port mapLocateIn[11] in module order_book is either unconnected or has no load
WARNING: [Synth 8-7129] Port mapLocateIn[10] in module order_book is either unconnected or has no load
WARNING: [Synth 8-7129] Port mapLocateIn[9] in module order_book is either unconnected or has no load
WARNING: [Synth 8-7129] Port mapLocateIn[8] in module order_book is either unconnected or has no load
WARNING: [Synth 8-7129] Port mapLocateIn[7] in module order_book is either unconnected or has no load
WARNING: [Synth 8-7129] Port mapLocateIn[6] in module order_book is either unconnected or has no load
WARNING: [Synth 8-7129] Port mapLocateIn[5] in module order_book is either unconnected or has no load
WARNING: [Synth 8-7129] Port mapLocateIn[4] in module order_book is either unconnected or has no load
WARNING: [Synth 8-7129] Port mapLocateIn[3] in module order_book is either unconnected or has no load
WARNING: [Synth 8-7129] Port mapLocateIn[2] in module order_book is either unconnected or has no load
WARNING: [Synth 8-7129] Port mapLocateIn[1] in module order_book is either unconnected or has no load
WARNING: [Synth 8-7129] Port mapLocateIn[0] in module order_book is either unconnected or has no load
WARNING: [Synth 8-7129] Port locateOut[15] in module order_map is either unconnected or has no load
WARNING: [Synth 8-7129] Port locateOut[14] in module order_map is either unconnected or has no load
WARNING: [Synth 8-7129] Port locateOut[13] in module order_map is either unconnected or has no load
WARNING: [Synth 8-7129] Port locateOut[12] in module order_map is either unconnected or has no load
WARNING: [Synth 8-7129] Port locateOut[11] in module order_map is either unconnected or has no load
WARNING: [Synth 8-7129] Port locateOut[10] in module order_map is either unconnected or has no load
WARNING: [Synth 8-7129] Port locateOut[9] in module order_map is either unconnected or has no load
WARNING: [Synth 8-7129] Port locateOut[8] in module order_map is either unconnected or has no load
WARNING: [Synth 8-7129] Port locateOut[7] in module order_map is either unconnected or has no load
WARNING: [Synth 8-7129] Port locateOut[6] in module order_map is either unconnected or has no load
WARNING: [Synth 8-7129] Port locateOut[5] in module order_map is either unconnected or has no load
WARNING: [Synth 8-7129] Port locateOut[4] in module order_map is either unconnected or has no load
WARNING: [Synth 8-7129] Port locateOut[3] in module order_map is either unconnected or has no load
WARNING: [Synth 8-7129] Port locateOut[2] in module order_map is either unconnected or has no load
WARNING: [Synth 8-7129] Port locateOut[1] in module order_map is either unconnected or has no load
WARNING: [Synth 8-7129] Port locateOut[0] in module order_map is either unconnected or has no load
WARNING: [Synth 8-7129] Port locateIn[15] in module order_map is either unconnected or has no load
WARNING: [Synth 8-7129] Port locateIn[14] in module order_map is either unconnected or has no load
WARNING: [Synth 8-7129] Port locateIn[13] in module order_map is either unconnected or has no load
WARNING: [Synth 8-7129] Port locateIn[12] in module order_map is either unconnected or has no load
WARNING: [Synth 8-7129] Port locateIn[11] in module order_map is either unconnected or has no load
WARNING: [Synth 8-7129] Port locateIn[10] in module order_map is either unconnected or has no load
WARNING: [Synth 8-7129] Port locateIn[9] in module order_map is either unconnected or has no load
WARNING: [Synth 8-7129] Port locateIn[8] in module order_map is either unconnected or has no load
WARNING: [Synth 8-7129] Port locateIn[7] in module order_map is either unconnected or has no load
WARNING: [Synth 8-7129] Port locateIn[6] in module order_map is either unconnected or has no load
WARNING: [Synth 8-7129] Port locateIn[5] in module order_map is either unconnected or has no load
WARNING: [Synth 8-7129] Port locateIn[4] in module order_map is either unconnected or has no load
WARNING: [Synth 8-7129] Port locateIn[3] in module order_map is either unconnected or has no load
WARNING: [Synth 8-7129] Port locateIn[2] in module order_map is either unconnected or has no load
WARNING: [Synth 8-7129] Port locateIn[1] in module order_map is either unconnected or has no load
WARNING: [Synth 8-7129] Port locateIn[0] in module order_map is either unconnected or has no load
WARNING: [Synth 8-7129] Port packetLostIn in module itch_parser is either unconnected or has no load
WARNING: [Synth 8-7129] Port intBIn in module rgmii_rx is either unconnected or has no load
WARNING: [Synth 8-7129] Port mmcm0LockedIn in module rgmii is either unconnected or has no load
WARNING: [Synth 8-7129] Port rstTxLclIn in module rgmii is either unconnected or has no load
WARNING: [Synth 8-7129] Port clk125In in module rgmii is either unconnected or has no load
---------------------------------------------------------------------------------
Finished RTL Elaboration : Time (s): cpu = 00:00:03 ; elapsed = 00:00:03 . Memory (MB): peak = 2410.895 ; gain = 592.531 ; free physical = 14410 ; free virtual = 30210
---------------------------------------------------------------------------------
---------------------------------------------------------------------------------
Start Handling Custom Attributes
---------------------------------------------------------------------------------
---------------------------------------------------------------------------------
Finished Handling Custom Attributes : Time (s): cpu = 00:00:03 ; elapsed = 00:00:03 . Memory (MB): peak = 2410.895 ; gain = 592.531 ; free physical = 14410 ; free virtual = 30210
---------------------------------------------------------------------------------
---------------------------------------------------------------------------------
Finished RTL Optimization Phase 1 : Time (s): cpu = 00:00:03 ; elapsed = 00:00:03 . Memory (MB): peak = 2410.895 ; gain = 592.531 ; free physical = 14410 ; free virtual = 30210
---------------------------------------------------------------------------------
Netlist sorting complete. Time (s): cpu = 00:00:00.02 ; elapsed = 00:00:00.01 . Memory (MB): peak = 2410.895 ; gain = 0.000 ; free physical = 14410 ; free virtual = 30210
INFO: [Netlist 29-17] Analyzing 5 Unisim elements for replacement
INFO: [Netlist 29-28] Unisim Transformation completed in 0 CPU seconds
INFO: [Project 1-570] Preparing netlist for logic optimization

Processing XDC Constraints
Initializing timing engine
Parsing XDC File [/home/ian-rider/eth_book_git_wa/ethernet_to_book/ethernet_to_book_proj/project/project.gen/sources_1/ip/system_clocks_gen/system_clocks_gen/system_clocks_gen_in_context.xdc] for cell 'clks_rsts_inst/mmcm0_inst'
Finished Parsing XDC File [/home/ian-rider/eth_book_git_wa/ethernet_to_book/ethernet_to_book_proj/project/project.gen/sources_1/ip/system_clocks_gen/system_clocks_gen/system_clocks_gen_in_context.xdc] for cell 'clks_rsts_inst/mmcm0_inst'
Parsing XDC File [/home/ian-rider/eth_book_git_wa/ethernet_to_book/ethernet_to_book_proj/project/project.gen/sources_1/ip/rx_clk_shift/rx_clk_shift/rx_clk_shift_in_context.xdc] for cell 'clks_rsts_inst/mmcm1_inst'
Finished Parsing XDC File [/home/ian-rider/eth_book_git_wa/ethernet_to_book/ethernet_to_book_proj/project/project.gen/sources_1/ip/rx_clk_shift/rx_clk_shift/rx_clk_shift_in_context.xdc] for cell 'clks_rsts_inst/mmcm1_inst'
Parsing XDC File [/home/ian-rider/eth_book_git_wa/ethernet_to_book/ethernet_to_book_proj/project/project.gen/sources_1/ip/top_of_book_ila/top_of_book_ila/top_of_book_ila_in_context.xdc] for cell 'order_book_engine_inst/order_book_inst/book_ila_inst'
Finished Parsing XDC File [/home/ian-rider/eth_book_git_wa/ethernet_to_book/ethernet_to_book_proj/project/project.gen/sources_1/ip/top_of_book_ila/top_of_book_ila/top_of_book_ila_in_context.xdc] for cell 'order_book_engine_inst/order_book_inst/book_ila_inst'
Parsing XDC File [/home/ian-rider/eth_book_git_wa/ethernet_to_book/ethernet_to_book_proj/phys/area.xdc]
WARNING: [Vivado 12-507] No nets matched 'priceR_reg[*]'. [/home/ian-rider/eth_book_git_wa/ethernet_to_book/ethernet_to_book_proj/phys/area.xdc:7]
Finished Parsing XDC File [/home/ian-rider/eth_book_git_wa/ethernet_to_book/ethernet_to_book_proj/phys/area.xdc]
WARNING: [Project 1-498] One or more constraints failed evaluation while reading constraint file [/home/ian-rider/eth_book_git_wa/ethernet_to_book/ethernet_to_book_proj/phys/area.xdc] and the design contains unresolved black boxes. These constraints will be read post-synthesis (as long as their source constraint file is marked as used_in_implementation) and should be applied correctly then. You should review the constraints listed in the file [.Xil/ethernet_to_book_top_propImpl.xdc] and check the run log file to verify that these constraints were correctly applied.
Parsing XDC File [/home/ian-rider/eth_book_git_wa/ethernet_to_book/ethernet_to_book_proj/phys/pins.xdc]
Finished Parsing XDC File [/home/ian-rider/eth_book_git_wa/ethernet_to_book/ethernet_to_book_proj/phys/pins.xdc]
INFO: [Project 1-236] Implementation specific constraints were found while reading constraint file [/home/ian-rider/eth_book_git_wa/ethernet_to_book/ethernet_to_book_proj/phys/pins.xdc]. These constraints will be ignored for synthesis but will be used in implementation. Impacted constraints are listed in the file [.Xil/ethernet_to_book_top_propImpl.xdc].
Resolution: To avoid this warning, move constraints listed in [.Xil/ethernet_to_book_top_propImpl.xdc] to another XDC file and exclude this new file from synthesis with the used_in_synthesis property (File Properties dialog in GUI) and re-run elaboration/synthesis.
Parsing XDC File [/home/ian-rider/eth_book_git_wa/ethernet_to_book/ethernet_to_book_proj/phys/time.xdc]
CRITICAL WARNING: [Constraints 18-1056] Clock 'system_clock' completely overrides clock 'clkIn'.
New: create_clock -period 10.000 -name system_clock [get_ports clkIn], [/home/ian-rider/eth_book_git_wa/ethernet_to_book/ethernet_to_book_proj/phys/time.xdc:9]
Previous: create_clock -period 10.000 [get_ports clkIn], [/home/ian-rider/eth_book_git_wa/ethernet_to_book/ethernet_to_book_proj/project/project.gen/sources_1/ip/system_clocks_gen/system_clocks_gen/system_clocks_gen_in_context.xdc:1]
Resolution: Review the constraint files and remove the redundant clock definition(s). If the clock constraints are not saved in a file, you can first save the constraints to an XDC file and reload the design once the constraints have been corrected.
CRITICAL WARNING: [Constraints 18-1056] Clock 'rx_clk_125' completely overrides clock 'rxClkIn'.
New: create_clock -period 8.000 -name rx_clk_125 [get_ports rxClkIn], [/home/ian-rider/eth_book_git_wa/ethernet_to_book/ethernet_to_book_proj/phys/time.xdc:10]
Previous: create_clock -period 8.000 [get_ports rxClkIn], [/home/ian-rider/eth_book_git_wa/ethernet_to_book/ethernet_to_book_proj/project/project.gen/sources_1/ip/rx_clk_shift/rx_clk_shift/rx_clk_shift_in_context.xdc:1]
Resolution: Review the constraint files and remove the redundant clock definition(s). If the clock constraints are not saved in a file, you can first save the constraints to an XDC file and reload the design once the constraints have been corrected.
WARNING: [Vivado 12-508] No pins matched 'clks_rsts_inst/mmcm0_inst/inst/mmcm_adv_inst/CLKOUT0'. [/home/ian-rider/eth_book_git_wa/ethernet_to_book/ethernet_to_book_proj/phys/time.xdc:15]
WARNING: [Vivado 12-508] No pins matched 'clks_rsts_inst/mmcm0_inst/inst/mmcm_adv_inst/CLKOUT1'. [/home/ian-rider/eth_book_git_wa/ethernet_to_book/ethernet_to_book_proj/phys/time.xdc:16]
WARNING: [Vivado 12-508] No pins matched 'clks_rsts_inst/mmcm0_inst/inst/mmcm_adv_inst/CLKOUT2'. [/home/ian-rider/eth_book_git_wa/ethernet_to_book/ethernet_to_book_proj/phys/time.xdc:17]
WARNING: [Vivado 12-508] No pins matched 'clks_rsts_inst/mmcm1_inst/inst/mmcm_adv_inst/CLKOUT0'. [/home/ian-rider/eth_book_git_wa/ethernet_to_book/ethernet_to_book_proj/phys/time.xdc:18]
WARNING: [Vivado 12-180] No cells matched 'get_cells -hierarchical -filter {NAME =~ "*xpm_fifo_async_inst*" && NAME =~ "*fifo_rd_rst_ic_reg*"}'. [/home/ian-rider/eth_book_git_wa/ethernet_to_book/ethernet_to_book_proj/phys/time.xdc:26]
WARNING: [Vivado 12-508] No pins matched 'dbg_hub/inst/BSCANID.u_xsdbm_id/CORE_XSDB.UUT_MASTER/U_ICON_INTERFACE/U_CMD6_WR/U_WR_FIFO/SUBCORE_FIFO.xsdbm_v3_0_5_wrfifo_inst/inst_fifo_gen/gconvfifo.rf/grf.rf/gntv_or_sync_fifo.gl0.rd/gras.rsts/ram_empty_i_reg/C'. [/home/ian-rider/eth_book_git_wa/ethernet_to_book/ethernet_to_book_proj/phys/time.xdc:72]
WARNING: [Vivado 12-508] No pins matched 'dbg_hub/inst/BSCANID.u_xsdbm_id/CORE_XSDB.UUT_MASTER/U_XSDB_BUS_CONTROLLER/sl_dwe_r_reg[0]/D'. [/home/ian-rider/eth_book_git_wa/ethernet_to_book/ethernet_to_book_proj/phys/time.xdc:72]
Finished Parsing XDC File [/home/ian-rider/eth_book_git_wa/ethernet_to_book/ethernet_to_book_proj/phys/time.xdc]
WARNING: [Project 1-498] One or more constraints failed evaluation while reading constraint file [/home/ian-rider/eth_book_git_wa/ethernet_to_book/ethernet_to_book_proj/phys/time.xdc] and the design contains unresolved black boxes. These constraints will be read post-synthesis (as long as their source constraint file is marked as used_in_implementation) and should be applied correctly then. You should review the constraints listed in the file [.Xil/ethernet_to_book_top_propImpl.xdc] and check the run log file to verify that these constraints were correctly applied.
INFO: [Project 1-236] Implementation specific constraints were found while reading constraint file [/home/ian-rider/eth_book_git_wa/ethernet_to_book/ethernet_to_book_proj/phys/time.xdc]. These constraints will be ignored for synthesis but will be used in implementation. Impacted constraints are listed in the file [.Xil/ethernet_to_book_top_propImpl.xdc].
Resolution: To avoid this warning, move constraints listed in [.Xil/ethernet_to_book_top_propImpl.xdc] to another XDC file and exclude this new file from synthesis with the used_in_synthesis property (File Properties dialog in GUI) and re-run elaboration/synthesis.
Completed Processing XDC Constraints

Netlist sorting complete. Time (s): cpu = 00:00:00 ; elapsed = 00:00:00 . Memory (MB): peak = 2496.727 ; gain = 0.000 ; free physical = 14410 ; free virtual = 30211
INFO: [Project 1-111] Unisim Transformation Summary:
No Unisim elements were transformed.

Constraint Validation Runtime : Time (s): cpu = 00:00:00.01 ; elapsed = 00:00:00 . Memory (MB): peak = 2496.762 ; gain = 0.000 ; free physical = 14410 ; free virtual = 30211
WARNING: [Timing 38-316] Clock period '10.000' specified during out-of-context synthesis of instance 'order_book_engine_inst/order_book_inst/book_ila_inst' at clock pin 'clk' is different from the actual clock period '4.000', this can lead to different synthesis results.
INFO: [Designutils 20-5440] No compile time benefit to using incremental synthesis; A full resynthesis will be run
INFO: [Designutils 20-4379] Flow is switching to default flow due to incremental criteria not met. If you would like to alter this behaviour and have the flow terminate instead, please set the following parameter config_implementation {autoIncr.Synth.RejectBehavior Terminate}
---------------------------------------------------------------------------------
Finished Constraint Validation : Time (s): cpu = 00:00:06 ; elapsed = 00:00:06 . Memory (MB): peak = 2496.762 ; gain = 678.398 ; free physical = 14435 ; free virtual = 30236
---------------------------------------------------------------------------------
---------------------------------------------------------------------------------
Start Loading Part and Timing Information
---------------------------------------------------------------------------------
Loading part: xc7a200tsbg484-1
---------------------------------------------------------------------------------
Finished Loading Part and Timing Information : Time (s): cpu = 00:00:06 ; elapsed = 00:00:06 . Memory (MB): peak = 2504.730 ; gain = 686.367 ; free physical = 14435 ; free virtual = 30236
---------------------------------------------------------------------------------
---------------------------------------------------------------------------------
Start Applying 'set_property' XDC Constraints
---------------------------------------------------------------------------------
---------------------------------------------------------------------------------
Finished applying 'set_property' XDC Constraints : Time (s): cpu = 00:00:06 ; elapsed = 00:00:06 . Memory (MB): peak = 2504.730 ; gain = 686.367 ; free physical = 14435 ; free virtual = 30235
---------------------------------------------------------------------------------
WARNING: [Synth 8-3936] Found unconnected internal register 'sessIdR_reg' and it is trimmed from '80' to '5' bits. [/home/ian-rider/eth_book_git_wa/ethernet_to_book/ethernet_to_book_proj/src/eth_udp_parser.sv:183]
INFO: [Synth 8-3971] The signal "order_map:/refNumRamR_reg" was recognized as a true dual port RAM template.
INFO: [Synth 8-3971] The signal "order_map:/orderInfoRamR_reg[0][price]" was recognized as a true dual port RAM template.
INFO: [Synth 8-3971] The signal "order_map:/orderInfoRamR_reg[0][shares]" was recognized as a true dual port RAM template.
INFO: [Synth 8-3971] The signal "order_map:/orderInfoRamR_reg[0][buySell]" was recognized as a true dual port RAM template.
---------------------------------------------------------------------------------
Finished RTL Optimization Phase 2 : Time (s): cpu = 00:00:06 ; elapsed = 00:00:06 . Memory (MB): peak = 2504.730 ; gain = 686.367 ; free physical = 14427 ; free virtual = 30229
---------------------------------------------------------------------------------
INFO: [Synth 8-223] decloning instance 'order_book_engine_inst/order_map_inst/ref_num_ram' (pipe__parameterized2) to 'order_book_engine_inst/order_map_inst/ref_num_logic'
---------------------------------------------------------------------------------
Start RTL Component Statistics 
---------------------------------------------------------------------------------
Detailed RTL Component Info : 
+---Adders : 
	   2 Input   32 Bit       Adders := 18    
	   2 Input   16 Bit       Adders := 3     
	   2 Input   11 Bit       Adders := 2     
	   2 Input    9 Bit       Adders := 2     
	   2 Input    3 Bit       Adders := 1     
	   2 Input    2 Bit       Adders := 2     
+---XORs : 
	   4 Input      9 Bit         XORs := 1     
	   2 Input      3 Bit         XORs := 1     
	   2 Input      1 Bit         XORs := 3     
+---Registers : 
	              144 Bit    Registers := 1     
	               96 Bit    Registers := 3     
	               64 Bit    Registers := 8     
	               48 Bit    Registers := 2     
	               32 Bit    Registers := 61    
	               16 Bit    Registers := 18    
	               11 Bit    Registers := 3     
	                8 Bit    Registers := 6     
	                4 Bit    Registers := 2     
	                3 Bit    Registers := 4     
	                2 Bit    Registers := 2     
	                1 Bit    Registers := 106   
+---RAMs : 
	              32K Bit	(512 X 64 bit)          RAMs := 1     
	              16K Bit	(512 X 32 bit)          RAMs := 2     
	             1024 Bit	(32 X 32 bit)          RAMs := 1     
	              512 Bit	(512 X 1 bit)          RAMs := 1     
	               64 Bit	(8 X 8 bit)          RAMs := 1     
+---Muxes : 
	   2 Input   32 Bit        Muxes := 96    
	   2 Input    9 Bit        Muxes := 6     
	   2 Input    3 Bit        Muxes := 52    
	   2 Input    1 Bit        Muxes := 32    
---------------------------------------------------------------------------------
Finished RTL Component Statistics 
---------------------------------------------------------------------------------
---------------------------------------------------------------------------------
Start Part Resource Summary
---------------------------------------------------------------------------------
Part Resources:
DSPs: 740 (col length:100)
BRAMs: 730 (col length: RAMB18 100 RAMB36 50)
---------------------------------------------------------------------------------
Finished Part Resource Summary
---------------------------------------------------------------------------------
---------------------------------------------------------------------------------
Start Cross Boundary and Area Optimization
---------------------------------------------------------------------------------
WARNING: [Synth 8-3936] Found unconnected internal register 'eth_udp_parser_inst/sessSeqR_reg' and it is trimmed from '144' to '136' bits. [/home/ian-rider/eth_book_git_wa/ethernet_to_book/ethernet_to_book_proj/src/eth_udp_parser.sv:179]
WARNING: [Synth 8-3917] design ethernet_to_book_top has port txDataOut[3] driven by constant 0
WARNING: [Synth 8-3917] design ethernet_to_book_top has port txDataOut[2] driven by constant 0
WARNING: [Synth 8-3917] design ethernet_to_book_top has port txDataOut[1] driven by constant 0
WARNING: [Synth 8-3917] design ethernet_to_book_top has port txDataOut[0] driven by constant 0
WARNING: [Synth 8-3917] design ethernet_to_book_top has port txCtrlOut driven by constant 0
WARNING: [Synth 8-7129] Port locateIn[15] in module order_book is either unconnected or has no load
WARNING: [Synth 8-7129] Port locateIn[14] in module order_book is either unconnected or has no load
WARNING: [Synth 8-7129] Port locateIn[13] in module order_book is either unconnected or has no load
WARNING: [Synth 8-7129] Port locateIn[12] in module order_book is either unconnected or has no load
WARNING: [Synth 8-7129] Port locateIn[11] in module order_book is either unconnected or has no load
WARNING: [Synth 8-7129] Port locateIn[10] in module order_book is either unconnected or has no load
WARNING: [Synth 8-7129] Port locateIn[9] in module order_book is either unconnected or has no load
WARNING: [Synth 8-7129] Port locateIn[8] in module order_book is either unconnected or has no load
WARNING: [Synth 8-7129] Port locateIn[7] in module order_book is either unconnected or has no load
WARNING: [Synth 8-7129] Port locateIn[6] in module order_book is either unconnected or has no load
WARNING: [Synth 8-7129] Port locateIn[5] in module order_book is either unconnected or has no load
WARNING: [Synth 8-7129] Port locateIn[4] in module order_book is either unconnected or has no load
WARNING: [Synth 8-7129] Port locateIn[3] in module order_book is either unconnected or has no load
WARNING: [Synth 8-7129] Port locateIn[2] in module order_book is either unconnected or has no load
WARNING: [Synth 8-7129] Port locateIn[1] in module order_book is either unconnected or has no load
WARNING: [Synth 8-7129] Port locateIn[0] in module order_book is either unconnected or has no load
WARNING: [Synth 8-7129] Port mapLocateIn[15] in module order_book is either unconnected or has no load
WARNING: [Synth 8-7129] Port mapLocateIn[14] in module order_book is either unconnected or has no load
WARNING: [Synth 8-7129] Port mapLocateIn[13] in module order_book is either unconnected or has no load
WARNING: [Synth 8-7129] Port mapLocateIn[12] in module order_book is either unconnected or has no load
WARNING: [Synth 8-7129] Port mapLocateIn[11] in module order_book is either unconnected or has no load
WARNING: [Synth 8-7129] Port mapLocateIn[10] in module order_book is either unconnected or has no load
WARNING: [Synth 8-7129] Port mapLocateIn[9] in module order_book is either unconnected or has no load
WARNING: [Synth 8-7129] Port mapLocateIn[8] in module order_book is either unconnected or has no load
WARNING: [Synth 8-7129] Port mapLocateIn[7] in module order_book is either unconnected or has no load
WARNING: [Synth 8-7129] Port mapLocateIn[6] in module order_book is either unconnected or has no load
WARNING: [Synth 8-7129] Port mapLocateIn[5] in module order_book is either unconnected or has no load
WARNING: [Synth 8-7129] Port mapLocateIn[4] in module order_book is either unconnected or has no load
WARNING: [Synth 8-7129] Port mapLocateIn[3] in module order_book is either unconnected or has no load
WARNING: [Synth 8-7129] Port mapLocateIn[2] in module order_book is either unconnected or has no load
WARNING: [Synth 8-7129] Port mapLocateIn[1] in module order_book is either unconnected or has no load
INFO: [Common 17-14] Message 'Synth 8-7129' appears 100 times and further instances of the messages will be disabled. Use the Tcl command set_msg_config to change the current settings.
INFO: [Synth 8-3971] The signal "ethernet_to_book_top/order_book_engine_inst/order_map_inst/refNumRamR_reg" was recognized as a true dual port RAM template.
INFO: [Synth 8-3971] The signal "ethernet_to_book_top/order_book_engine_inst/order_map_inst/orderInfoRamR_reg[0][price]" was recognized as a true dual port RAM template.
INFO: [Synth 8-3971] The signal "ethernet_to_book_top/order_book_engine_inst/order_map_inst/orderInfoRamR_reg[0][shares]" was recognized as a true dual port RAM template.
INFO: [Synth 8-3971] The signal "ethernet_to_book_top/order_book_engine_inst/order_map_inst/orderInfoRamR_reg[0][buySell]" was recognized as a true dual port RAM template.
---------------------------------------------------------------------------------
Finished Cross Boundary and Area Optimization : Time (s): cpu = 00:00:08 ; elapsed = 00:00:08 . Memory (MB): peak = 2514.730 ; gain = 696.367 ; free physical = 14394 ; free virtual = 30203
---------------------------------------------------------------------------------
---------------------------------------------------------------------------------
Start ROM, RAM, DSP, Shift Register and Retiming Reporting
---------------------------------------------------------------------------------

Block RAM: Preliminary Mapping Report (see note below)
+---------------------+---------------------------------------------------------------------+------------------------+---+---+------------------------+---+---+------------------+--------+--------+
|Module Name          | RTL Object                                                          | PORT A (Depth x Width) | W | R | PORT B (Depth x Width) | W | R | Ports driving FF | RAMB18 | RAMB36 | 
+---------------------+---------------------------------------------------------------------+------------------------+---+---+------------------------+---+---+------------------+--------+--------+
|ethernet_to_book_top | order_book_engine_inst/order_map_inst/orderInfoRamR_reg[0][price]   | 512 x 32(READ_FIRST)   | W | R | 512 x 32(READ_FIRST)   | W |   | Port A and B     | 0      | 1      | 
|ethernet_to_book_top | order_book_engine_inst/order_map_inst/orderInfoRamR_reg[0][shares]  | 512 x 32(READ_FIRST)   | W | R | 512 x 32(READ_FIRST)   | W |   | Port A and B     | 0      | 1      | 
|ethernet_to_book_top | order_book_engine_inst/order_map_inst/orderInfoRamR_reg[0][buySell] | 512 x 1(READ_FIRST)    | W | R | 512 x 1(READ_FIRST)    | W |   | Port A and B     | 1      | 0      | 
|ethernet_to_book_top | order_book_engine_inst/order_map_inst/refNumRamR_reg                | 512 x 64(READ_FIRST)   | W | R | 512 x 64(READ_FIRST)   | W | R | Port A and B     | 0      | 2      | 
+---------------------+---------------------------------------------------------------------+------------------------+---+---+------------------------+---+---+------------------+--------+--------+

Note: The table above is a preliminary report that shows the Block RAMs at the current stage of the synthesis flow. Some Block RAMs may be reimplemented as non Block RAM primitives later in the synthesis flow. Multiple instantiated Block RAMs are reported only once. 

Distributed RAM: Preliminary Mapping Report (see note below)
+---------------------+--------------------------------+-----------+----------------------+-------------+
|Module Name          | RTL Object                     | Inference | Size (Depth x Width) | Primitives  | 
+---------------------+--------------------------------+-----------+----------------------+-------------+
|ethernet_to_book_top | slow_fast_cdc_inst/cdcRamR_reg | Implied   | 8 x 8                | RAM32M x 2  | 
+---------------------+--------------------------------+-----------+----------------------+-------------+

Note: The table above is a preliminary report that shows the Distributed RAMs at the current stage of the synthesis flow. Some Distributed RAMs may be reimplemented as non Distributed RAM primitives later in the synthesis flow. Multiple instantiated RAMs are reported only once.
---------------------------------------------------------------------------------
Finished ROM, RAM, DSP, Shift Register and Retiming Reporting
---------------------------------------------------------------------------------
---------------------------------------------------------------------------------
Start Applying XDC Timing Constraints
---------------------------------------------------------------------------------
---------------------------------------------------------------------------------
Finished Applying XDC Timing Constraints : Time (s): cpu = 00:00:10 ; elapsed = 00:00:11 . Memory (MB): peak = 2599.730 ; gain = 781.367 ; free physical = 14351 ; free virtual = 30161
---------------------------------------------------------------------------------
---------------------------------------------------------------------------------
Start Timing Optimization
---------------------------------------------------------------------------------
---------------------------------------------------------------------------------
Finished Timing Optimization : Time (s): cpu = 00:00:11 ; elapsed = 00:00:11 . Memory (MB): peak = 2652.777 ; gain = 834.414 ; free physical = 14306 ; free virtual = 30115
---------------------------------------------------------------------------------
---------------------------------------------------------------------------------
Start ROM, RAM, DSP, Shift Register and Retiming Reporting
---------------------------------------------------------------------------------

Block RAM: Final Mapping Report
+---------------------+---------------------------------------------------------------------+------------------------+---+---+------------------------+---+---+------------------+--------+--------+
|Module Name          | RTL Object                                                          | PORT A (Depth x Width) | W | R | PORT B (Depth x Width) | W | R | Ports driving FF | RAMB18 | RAMB36 | 
+---------------------+---------------------------------------------------------------------+------------------------+---+---+------------------------+---+---+------------------+--------+--------+
|ethernet_to_book_top | order_book_engine_inst/order_map_inst/orderInfoRamR_reg[0][price]   | 512 x 32(READ_FIRST)   | W | R | 512 x 32(READ_FIRST)   | W |   | Port A and B     | 0      | 1      | 
|ethernet_to_book_top | order_book_engine_inst/order_map_inst/orderInfoRamR_reg[0][shares]  | 512 x 32(READ_FIRST)   | W | R | 512 x 32(READ_FIRST)   | W |   | Port A and B     | 0      | 1      | 
|ethernet_to_book_top | order_book_engine_inst/order_map_inst/orderInfoRamR_reg[0][buySell] | 512 x 1(READ_FIRST)    | W | R | 512 x 1(READ_FIRST)    | W |   | Port A and B     | 1      | 0      | 
|ethernet_to_book_top | order_book_engine_inst/order_map_inst/refNumRamR_reg                | 512 x 64(READ_FIRST)   | W | R | 512 x 64(READ_FIRST)   | W | R | Port A and B     | 0      | 2      | 
+---------------------+---------------------------------------------------------------------+------------------------+---+---+------------------------+---+---+------------------+--------+--------+


Distributed RAM: Final Mapping Report
+---------------------+--------------------------------+-----------+----------------------+-------------+
|Module Name          | RTL Object                     | Inference | Size (Depth x Width) | Primitives  | 
+---------------------+--------------------------------+-----------+----------------------+-------------+
|ethernet_to_book_top | slow_fast_cdc_inst/cdcRamR_reg | Implied   | 8 x 8                | RAM32M x 2  | 
+---------------------+--------------------------------+-----------+----------------------+-------------+

---------------------------------------------------------------------------------
Finished ROM, RAM, DSP, Shift Register and Retiming Reporting
---------------------------------------------------------------------------------
---------------------------------------------------------------------------------
Start Technology Mapping
---------------------------------------------------------------------------------
---------------------------------------------------------------------------------
Finished Technology Mapping : Time (s): cpu = 00:00:11 ; elapsed = 00:00:12 . Memory (MB): peak = 2652.777 ; gain = 834.414 ; free physical = 14306 ; free virtual = 30115
---------------------------------------------------------------------------------
---------------------------------------------------------------------------------
Start IO Insertion
---------------------------------------------------------------------------------
---------------------------------------------------------------------------------
Start Flattening Before IO Insertion
---------------------------------------------------------------------------------
---------------------------------------------------------------------------------
Finished Flattening Before IO Insertion
---------------------------------------------------------------------------------
---------------------------------------------------------------------------------
Start Final Netlist Cleanup
---------------------------------------------------------------------------------
---------------------------------------------------------------------------------
Finished Final Netlist Cleanup
---------------------------------------------------------------------------------
---------------------------------------------------------------------------------
Finished IO Insertion : Time (s): cpu = 00:00:13 ; elapsed = 00:00:13 . Memory (MB): peak = 2806.590 ; gain = 988.227 ; free physical = 14189 ; free virtual = 29998
---------------------------------------------------------------------------------
---------------------------------------------------------------------------------
Start Renaming Generated Instances
---------------------------------------------------------------------------------
---------------------------------------------------------------------------------
Finished Renaming Generated Instances : Time (s): cpu = 00:00:13 ; elapsed = 00:00:13 . Memory (MB): peak = 2806.590 ; gain = 988.227 ; free physical = 14189 ; free virtual = 29998
---------------------------------------------------------------------------------
---------------------------------------------------------------------------------
Start Rebuilding User Hierarchy
---------------------------------------------------------------------------------
---------------------------------------------------------------------------------
Finished Rebuilding User Hierarchy : Time (s): cpu = 00:00:13 ; elapsed = 00:00:13 . Memory (MB): peak = 2806.590 ; gain = 988.227 ; free physical = 14189 ; free virtual = 29998
---------------------------------------------------------------------------------
---------------------------------------------------------------------------------
Start Renaming Generated Ports
---------------------------------------------------------------------------------
---------------------------------------------------------------------------------
Finished Renaming Generated Ports : Time (s): cpu = 00:00:13 ; elapsed = 00:00:13 . Memory (MB): peak = 2806.590 ; gain = 988.227 ; free physical = 14189 ; free virtual = 29998
---------------------------------------------------------------------------------
---------------------------------------------------------------------------------
Start Handling Custom Attributes
---------------------------------------------------------------------------------
---------------------------------------------------------------------------------
Finished Handling Custom Attributes : Time (s): cpu = 00:00:13 ; elapsed = 00:00:13 . Memory (MB): peak = 2810.559 ; gain = 992.195 ; free physical = 14189 ; free virtual = 29998
---------------------------------------------------------------------------------
---------------------------------------------------------------------------------
Start Renaming Generated Nets
---------------------------------------------------------------------------------
---------------------------------------------------------------------------------
Finished Renaming Generated Nets : Time (s): cpu = 00:00:13 ; elapsed = 00:00:13 . Memory (MB): peak = 2810.559 ; gain = 992.195 ; free physical = 14189 ; free virtual = 29998
---------------------------------------------------------------------------------
---------------------------------------------------------------------------------
Start ROM, RAM, DSP, Shift Register and Retiming Reporting
---------------------------------------------------------------------------------

Static Shift Register Report:
+---------------------+------------------------------------------------+--------+-------+--------------+--------------------+-------------------+--------+---------+
|Module Name          | RTL Name                                       | Length | Width | Reset Signal | Pull out first Reg | Pull out last Reg | SRL16E | SRLC32E | 
+---------------------+------------------------------------------------+--------+-------+--------------+--------------------+-------------------+--------+---------+
|ethernet_to_book_top | eth_udp_parser_inst/udpHeaderR_reg[len][7]     | 3      | 8     | NO           | NO                 | YES               | 8      | 0       | 
|ethernet_to_book_top | eth_udp_parser_inst/ethHeaderR_reg[dstMac][7]  | 7      | 8     | NO           | NO                 | YES               | 8      | 0       | 
|ethernet_to_book_top | eth_udp_parser_inst/ipHeaderR_reg[protocol][7] | 7      | 8     | YES          | NO                 | YES               | 8      | 0       | 
|ethernet_to_book_top | eth_udp_parser_inst/ipHeaderR_reg[id][7]       | 4      | 11    | YES          | NO                 | YES               | 11     | 0       | 
|ethernet_to_book_top | eth_udp_parser_inst/ipHeaderR_reg[ver][7]      | 5      | 5     | YES          | NO                 | YES               | 5      | 0       | 
+---------------------+------------------------------------------------+--------+-------+--------------+--------------------+-------------------+--------+---------+

---------------------------------------------------------------------------------
Finished ROM, RAM, DSP, Shift Register and Retiming Reporting
---------------------------------------------------------------------------------
---------------------------------------------------------------------------------
Start Writing Synthesis Report
---------------------------------------------------------------------------------

Report BlackBoxes: 
+------+------------------+----------+
|      |BlackBox name     |Instances |
+------+------------------+----------+
|1     |system_clocks_gen |         1|
|2     |rx_clk_shift      |         1|
|3     |top_of_book_ila   |         1|
+------+------------------+----------+

Report Cell Usage: 
+------+------------------+------+
|      |Cell              |Count |
+------+------------------+------+
|1     |rx_clk_shift      |     1|
|2     |system_clocks_gen |     1|
|3     |top_of_book_ila   |     1|
|4     |BUFG              |     1|
|5     |CARRY4            |   227|
|6     |IDDR              |     5|
|7     |LUT1              |    56|
|8     |LUT2              |   466|
|9     |LUT3              |   327|
|10    |LUT4              |   715|
|11    |LUT5              |   610|
|12    |LUT6              |   536|
|13    |RAM32M            |     1|
|14    |RAM32X1D          |     2|
|15    |RAMB18E1          |     1|
|16    |RAMB36E1          |     4|
|18    |SRL16E            |    40|
|19    |FDRE              |  2074|
|20    |FDSE              |   600|
|21    |IBUF              |     6|
|22    |OBUF              |     8|
+------+------------------+------+
---------------------------------------------------------------------------------
Finished Writing Synthesis Report : Time (s): cpu = 00:00:13 ; elapsed = 00:00:13 . Memory (MB): peak = 2810.559 ; gain = 992.195 ; free physical = 14189 ; free virtual = 29998
---------------------------------------------------------------------------------
Synthesis finished with 0 errors, 0 critical warnings and 41 warnings.
Synthesis Optimization Runtime : Time (s): cpu = 00:00:12 ; elapsed = 00:00:12 . Memory (MB): peak = 2810.559 ; gain = 906.328 ; free physical = 14189 ; free virtual = 29998
Synthesis Optimization Complete : Time (s): cpu = 00:00:13 ; elapsed = 00:00:14 . Memory (MB): peak = 2810.566 ; gain = 992.195 ; free physical = 14189 ; free virtual = 29998
INFO: [Project 1-571] Translating synthesized netlist
Netlist sorting complete. Time (s): cpu = 00:00:00.02 ; elapsed = 00:00:00.01 . Memory (MB): peak = 2810.566 ; gain = 0.000 ; free physical = 14378 ; free virtual = 30188
INFO: [Netlist 29-17] Analyzing 240 Unisim elements for replacement
INFO: [Netlist 29-28] Unisim Transformation completed in 0 CPU seconds
INFO: [Project 1-570] Preparing netlist for logic optimization
INFO: [Opt 31-140] Inserted 1 IBUFs to IO ports without IO buffers.
INFO: [Opt 31-138] Pushed 0 inverter(s) to 0 load pin(s).
Netlist sorting complete. Time (s): cpu = 00:00:00 ; elapsed = 00:00:00 . Memory (MB): peak = 2866.586 ; gain = 0.000 ; free physical = 14365 ; free virtual = 30175
INFO: [Project 1-111] Unisim Transformation Summary:
  A total of 3 instances were transformed.
  RAM32M => RAM32M (RAMD32(x6), RAMS32(x2)): 1 instance 
  RAM32X1D => RAM32X1D (RAMD32(x2)): 2 instances

Synth Design complete | Checksum: 71388c7d
INFO: [Common 17-83] Releasing license: Synthesis
98 Infos, 240 Warnings, 10 Critical Warnings and 0 Errors encountered.
synth_design completed successfully
synth_design: Time (s): cpu = 00:00:17 ; elapsed = 00:00:16 . Memory (MB): peak = 2866.621 ; gain = 1237.391 ; free physical = 14372 ; free virtual = 30181
INFO: [Common 17-2834] synth_design peak Physical Memory [PSS] (MB): overall = 1953.504; main = 1953.504; forked = 278.574
INFO: [Common 17-2834] synth_design peak Virtual Memory [VSS] (MB): overall = 3510.309; main = 2866.590; forked = 986.574
INFO: [runtcl-6] Synthesis results are not added to the cache due to CRITICAL_WARNING
Write ShapeDB Complete: Time (s): cpu = 00:00:00 ; elapsed = 00:00:00 . Memory (MB): peak = 2890.598 ; gain = 0.000 ; free physical = 14372 ; free virtual = 30181
INFO: [Common 17-1381] The checkpoint '/home/ian-rider/eth_book_git_wa/ethernet_to_book/ethernet_to_book_proj/project/project.runs/synth_1/ethernet_to_book_top.dcp' has been generated.
INFO: [Vivado 12-24828] Executing command : report_utilization -file ethernet_to_book_top_utilization_synth.rpt -pb ethernet_to_book_top_utilization_synth.pb
INFO: [Common 17-206] Exiting Vivado at Wed Jul 15 20:11:04 2026...
