Copyright 1986-2022 Xilinx, Inc. All Rights Reserved. Copyright 2022-2025 Advanced Micro Devices, Inc. All Rights Reserved.
----------------------------------------------------------------------------------------------------------------------------------------------------------------------------------
| Tool Version     : Vivado v.2025.2 (lin64) Build 6299465 Fri Nov 14 12:34:56 MST 2025
| Date             : Wed Jul 15 20:13:40 2026
| Host             : ian-rider-B650-EAGLE-AX running 64-bit Ubuntu 24.04.4 LTS
| Command          : report_power -file ethernet_to_book_top_power_routed.rpt -pb ethernet_to_book_top_power_summary_routed.pb -rpx ethernet_to_book_top_power_routed.rpx
| Design           : ethernet_to_book_top
| Device           : xc7a200tsbg484-1
| Design State     : routed
| Grade            : commercial
| Process          : typical
| Characterization : Production
----------------------------------------------------------------------------------------------------------------------------------------------------------------------------------

Power Report

Table of Contents
-----------------
1. Summary
1.1 On-Chip Components
1.2 Power Supply Summary
1.3 Confidence Level
2. Settings
2.1 Environment
2.2 Clock Constraints
3. Detailed Reports
3.1 By Hierarchy

1. Summary
----------

+--------------------------+--------------+
| Total On-Chip Power (W)  | 0.490        |
| Design Power Budget (W)  | Unspecified* |
| Power Budget Margin (W)  | NA           |
| Dynamic (W)              | 0.356        |
| Device Static (W)        | 0.133        |
| Effective TJA (C/W)      | 3.3          |
| Max Ambient (C)          | 83.4         |
| Junction Temperature (C) | 26.6         |
| Confidence Level         | Medium       |
| Setting File             | ---          |
| Simulation Activity File | ---          |
| Design Nets Matched      | NA           |
+--------------------------+--------------+
* Specify Design Power Budget using, set_operating_conditions -design_power_budget <value in Watts>


1.1 On-Chip Components
----------------------

+--------------------------+-----------+----------+-----------+-----------------+
| On-Chip                  | Power (W) | Used     | Available | Utilization (%) |
+--------------------------+-----------+----------+-----------+-----------------+
| Clocks                   |     0.058 |       12 |       --- |             --- |
| Slice Logic              |     0.018 |    10232 |       --- |             --- |
|   LUT as Logic           |     0.014 |     3425 |    133800 |            2.56 |
|   Register               |     0.002 |     5158 |    267600 |            1.93 |
|   CARRY4                 |     0.002 |      268 |     33450 |            0.80 |
|   LUT as Shift Register  |    <0.001 |      217 |     46200 |            0.47 |
|   LUT as Distributed RAM |    <0.001 |       30 |     46200 |            0.06 |
|   F7/F8 Muxes            |    <0.001 |        4 |    133800 |           <0.01 |
|   Others                 |     0.000 |      287 |       --- |             --- |
| Signals                  |     0.021 |     6917 |       --- |             --- |
| Block RAM                |     0.042 |      8.5 |       365 |            2.33 |
| MMCM                     |     0.213 |        2 |        10 |           20.00 |
| I/O                      |     0.005 |       16 |       285 |            5.61 |
| Static Power             |     0.133 |          |           |                 |
| Total                    |     0.490 |          |           |                 |
+--------------------------+-----------+----------+-----------+-----------------+


1.2 Power Supply Summary
------------------------

+-----------+-------------+-----------+-------------+------------+-------------+-------------+------------+
| Source    | Voltage (V) | Total (A) | Dynamic (A) | Static (A) | Powerup (A) | Budget (A)  | Margin (A) |
+-----------+-------------+-----------+-------------+------------+-------------+-------------+------------+
| Vccint    |       1.000 |     0.169 |       0.137 |      0.032 |       NA    | Unspecified | NA         |
| Vccaux    |       1.800 |     0.148 |       0.118 |      0.031 |       NA    | Unspecified | NA         |
| Vcco33    |       3.300 |     0.000 |       0.000 |      0.000 |       NA    | Unspecified | NA         |
| Vcco25    |       2.500 |     0.000 |       0.000 |      0.000 |       NA    | Unspecified | NA         |
| Vcco18    |       1.800 |     0.007 |       0.002 |      0.005 |       NA    | Unspecified | NA         |
| Vcco15    |       1.500 |     0.000 |       0.000 |      0.000 |       NA    | Unspecified | NA         |
| Vcco135   |       1.350 |     0.000 |       0.000 |      0.000 |       NA    | Unspecified | NA         |
| Vcco12    |       1.200 |     0.000 |       0.000 |      0.000 |       NA    | Unspecified | NA         |
| Vccaux_io |       1.800 |     0.000 |       0.000 |      0.000 |       NA    | Unspecified | NA         |
| Vccbram   |       1.000 |     0.004 |       0.003 |      0.001 |       NA    | Unspecified | NA         |
| MGTAVcc   |       1.000 |     0.000 |       0.000 |      0.000 |       NA    | Unspecified | NA         |
| MGTAVtt   |       1.200 |     0.000 |       0.000 |      0.000 |       NA    | Unspecified | NA         |
| Vccadc    |       1.800 |     0.020 |       0.000 |      0.020 |       NA    | Unspecified | NA         |
+-----------+-------------+-----------+-------------+------------+-------------+-------------+------------+


1.3 Confidence Level
--------------------

+-----------------------------+------------+-------------------------------------------------------+------------------------------------------------------------------------------------------------------------+
| User Input Data             | Confidence | Details                                               | Action                                                                                                     |
+-----------------------------+------------+-------------------------------------------------------+------------------------------------------------------------------------------------------------------------+
| Design implementation state | High       | Design is routed                                      |                                                                                                            |
| Clock nodes activity        | High       | User specified more than 95% of clocks                |                                                                                                            |
| I/O nodes activity          | Medium     | More than 5% of inputs are missing user specification | Provide missing input activity with simulation results or by editing the "By Resource Type -> I/Os" view   |
| Internal nodes activity     | Medium     | User specified less than 25% of internal nodes        | Provide missing internal nodes activity with simulation results or by editing the "By Resource Type" views |
| Device models               | High       | Device models are Production                          |                                                                                                            |
|                             |            |                                                       |                                                                                                            |
| Overall confidence level    | Medium     |                                                       |                                                                                                            |
+-----------------------------+------------+-------------------------------------------------------+------------------------------------------------------------------------------------------------------------+


2. Settings
-----------

2.1 Environment
---------------

+-----------------------+--------------------------+
| Ambient Temp (C)      | 25.0                     |
| ThetaJA (C/W)         | 3.3                      |
| Airflow (LFM)         | 250                      |
| Heat Sink             | medium (Medium Profile)  |
| ThetaSA (C/W)         | 4.6                      |
| Board Selection       | medium (10"x10")         |
| # of Board Layers     | 12to15 (12 to 15 Layers) |
| Board Temperature (C) | 25.0                     |
+-----------------------+--------------------------+


2.2 Clock Constraints
---------------------

+--------------------------------------------------------------------------------------------+-------------------------------------------------------------------+-----------------+
| Clock                                                                                      | Domain                                                            | Constraint (ns) |
+--------------------------------------------------------------------------------------------+-------------------------------------------------------------------+-----------------+
| clk_250                                                                                    | clks_rsts_inst/mmcm0_inst/inst/clk_out3_system_clocks_gen         |             4.0 |
| clkfbout_rx_clk_shift_1                                                                    | clks_rsts_inst/mmcm1_inst/inst/clkfbout_rx_clk_shift              |             8.0 |
| clkfbout_system_clocks_gen                                                                 | clks_rsts_inst/mmcm0_inst/inst/clkfbout_system_clocks_gen         |            10.0 |
| dbg_hub/inst/BSCANID.u_xsdbm_id/SWITCH_N_EXT_BSCAN.bscan_inst/SERIES7_BSCAN.bscan_inst/TCK | dbg_hub/inst/BSCANID.u_xsdbm_id/SWITCH_N_EXT_BSCAN.bscan_inst/TCK |            33.0 |
| rx_clk_125                                                                                 | rxClkIn                                                           |             8.0 |
| rx_clk_125_dly                                                                             | clks_rsts_inst/mmcm1_inst/inst/clk_out1_rx_clk_shift              |            16.0 |
| system_clock                                                                               | clkIn                                                             |            10.0 |
| system_clock                                                                               | clkIn_IBUF                                                        |            10.0 |
| tx_clk_125_dly                                                                             | clks_rsts_inst/mmcm0_inst/inst/clk_out2_system_clocks_gen         |             8.0 |
+--------------------------------------------------------------------------------------------+-------------------------------------------------------------------+-----------------+


3. Detailed Reports
-------------------

3.1 By Hierarchy
----------------

+--------------------------+-----------+
| Name                     | Power (W) |
+--------------------------+-----------+
| ethernet_to_book_top     |     0.356 |
|   clks_rsts_inst         |     0.217 |
|     mmcm0_inst           |     0.108 |
|       inst               |     0.108 |
|     mmcm1_inst           |     0.107 |
|       inst               |     0.107 |
|   dbg_hub                |     0.006 |
|     inst                 |     0.006 |
|       BSCANID.u_xsdbm_id |     0.006 |
|   eth_udp_parser_inst    |     0.005 |
|   itch_parser_inst       |     0.002 |
|   order_book_engine_inst |     0.121 |
|     order_book_inst      |     0.071 |
|       book_ila_inst      |     0.033 |
|     order_map_inst       |     0.049 |
|       order_data_ram     |     0.002 |
|       price_out_inst     |     0.001 |
|       ref_num_ram        |     0.004 |
|       shares_out_inst    |     0.003 |
+--------------------------+-----------+


