
*** Running vivado
    with args -log rx_clk_shift.vds -m64 -product Vivado -mode batch -messageDb vivado.pb -notrace -source rx_clk_shift.tcl


****** Vivado v2025.2 (64-bit)
  **** SW Build 6299465 on Fri Nov 14 12:34:56 MST 2025
  **** IP Build 6300035 on Fri Nov 14 10:48:45 MST 2025
  **** SharedData Build 6298862 on Thu Nov 13 04:50:51 MST 2025
  **** Start of session at: Wed Jul 15 19:25:31 2026
    ** Copyright 1986-2022 Xilinx, Inc. All Rights Reserved.
    ** Copyright 2022-2025 Advanced Micro Devices, Inc. All Rights Reserved.

source rx_clk_shift.tcl -notrace
Command: synth_design -top rx_clk_shift -part xc7a200tsbg484-1 -incremental_mode off -mode out_of_context
Starting synth_design
Attempting to get a license for feature 'Synthesis' and/or device 'xc7a200t'
INFO: [Common 17-349] Got license for feature 'Synthesis' and/or device 'xc7a200t'
INFO: [Device 21-403] Loading part xc7a200tsbg484-1
INFO: [Synth 8-7079] Multithreading enabled for synth_design using a maximum of 7 processes.
INFO: [Synth 8-7078] Launching helper process for spawning children vivado processes
INFO: [Synth 8-7075] Helper process launched with PID 54096
---------------------------------------------------------------------------------
Starting RTL Elaboration : Time (s): cpu = 00:00:02 ; elapsed = 00:00:02 . Memory (MB): peak = 2277.566 ; gain = 481.188 ; free physical = 17043 ; free virtual = 32451
---------------------------------------------------------------------------------
INFO: [Synth 8-6157] synthesizing module 'rx_clk_shift' [/home/ian-rider/eth_book_git_wa/ethernet_to_book/ethernet_to_book_proj/project/project.gen/sources_1/ip/rx_clk_shift/rx_clk_shift.v:65]
INFO: [Synth 8-6157] synthesizing module 'rx_clk_shift_clk_wiz' [/home/ian-rider/eth_book_git_wa/ethernet_to_book/ethernet_to_book_proj/project/project.gen/sources_1/ip/rx_clk_shift/rx_clk_shift_clk_wiz.v:65]
INFO: [Synth 8-6157] synthesizing module 'IBUF' [/home/ian-rider/tools/xilinx/2025.2/Vivado/scripts/rt/data/unisim_comp.v:82804]
INFO: [Synth 8-6155] done synthesizing module 'IBUF' (0#1) [/home/ian-rider/tools/xilinx/2025.2/Vivado/scripts/rt/data/unisim_comp.v:82804]
INFO: [Synth 8-6157] synthesizing module 'MMCME2_ADV' [/home/ian-rider/tools/xilinx/2025.2/Vivado/scripts/rt/data/unisim_comp.v:95844]
	Parameter BANDWIDTH bound to: OPTIMIZED - type: string 
	Parameter CLKFBOUT_MULT_F bound to: 8.000000e+00 - type: double 
	Parameter CLKFBOUT_PHASE bound to: 0.000000e+00 - type: double 
	Parameter CLKFBOUT_USE_FINE_PS bound to: FALSE - type: string 
	Parameter CLKIN1_PERIOD bound to: 8.000000e+00 - type: double 
	Parameter CLKOUT0_DIVIDE_F bound to: 8.000000e+00 - type: double 
	Parameter CLKOUT0_DUTY_CYCLE bound to: 5.000000e-01 - type: double 
	Parameter CLKOUT0_PHASE bound to: -6.750000e+01 - type: double 
	Parameter CLKOUT0_USE_FINE_PS bound to: FALSE - type: string 
	Parameter CLKOUT4_CASCADE bound to: FALSE - type: string 
	Parameter COMPENSATION bound to: ZHOLD - type: string 
	Parameter DIVCLK_DIVIDE bound to: 1 - type: integer 
	Parameter STARTUP_WAIT bound to: FALSE - type: string 
INFO: [Synth 8-6155] done synthesizing module 'MMCME2_ADV' (0#1) [/home/ian-rider/tools/xilinx/2025.2/Vivado/scripts/rt/data/unisim_comp.v:95844]
INFO: [Synth 8-6157] synthesizing module 'BUFG' [/home/ian-rider/tools/xilinx/2025.2/Vivado/scripts/rt/data/unisim_comp.v:2678]
INFO: [Synth 8-6155] done synthesizing module 'BUFG' (0#1) [/home/ian-rider/tools/xilinx/2025.2/Vivado/scripts/rt/data/unisim_comp.v:2678]
INFO: [Synth 8-6155] done synthesizing module 'rx_clk_shift_clk_wiz' (0#1) [/home/ian-rider/eth_book_git_wa/ethernet_to_book/ethernet_to_book_proj/project/project.gen/sources_1/ip/rx_clk_shift/rx_clk_shift_clk_wiz.v:65]
INFO: [Synth 8-6155] done synthesizing module 'rx_clk_shift' (0#1) [/home/ian-rider/eth_book_git_wa/ethernet_to_book/ethernet_to_book_proj/project/project.gen/sources_1/ip/rx_clk_shift/rx_clk_shift.v:65]
---------------------------------------------------------------------------------
Finished RTL Elaboration : Time (s): cpu = 00:00:02 ; elapsed = 00:00:02 . Memory (MB): peak = 2363.535 ; gain = 567.156 ; free physical = 16932 ; free virtual = 32340
---------------------------------------------------------------------------------
---------------------------------------------------------------------------------
Start Handling Custom Attributes
---------------------------------------------------------------------------------
---------------------------------------------------------------------------------
Finished Handling Custom Attributes : Time (s): cpu = 00:00:02 ; elapsed = 00:00:02 . Memory (MB): peak = 2378.379 ; gain = 582.000 ; free physical = 16932 ; free virtual = 32340
---------------------------------------------------------------------------------
---------------------------------------------------------------------------------
Finished RTL Optimization Phase 1 : Time (s): cpu = 00:00:02 ; elapsed = 00:00:02 . Memory (MB): peak = 2378.379 ; gain = 582.000 ; free physical = 16932 ; free virtual = 32340
---------------------------------------------------------------------------------
Netlist sorting complete. Time (s): cpu = 00:00:00 ; elapsed = 00:00:00 . Memory (MB): peak = 2384.316 ; gain = 0.000 ; free physical = 16928 ; free virtual = 32337
INFO: [Netlist 29-17] Analyzing 1 Unisim elements for replacement
INFO: [Netlist 29-28] Unisim Transformation completed in 0 CPU seconds
INFO: [Project 1-570] Preparing netlist for logic optimization

Processing XDC Constraints
Initializing timing engine
Parsing XDC File [/home/ian-rider/eth_book_git_wa/ethernet_to_book/ethernet_to_book_proj/project/project.gen/sources_1/ip/rx_clk_shift/rx_clk_shift_ooc.xdc] for cell 'inst'
Finished Parsing XDC File [/home/ian-rider/eth_book_git_wa/ethernet_to_book/ethernet_to_book_proj/project/project.gen/sources_1/ip/rx_clk_shift/rx_clk_shift_ooc.xdc] for cell 'inst'
Parsing XDC File [/home/ian-rider/eth_book_git_wa/ethernet_to_book/ethernet_to_book_proj/project/project.gen/sources_1/ip/rx_clk_shift/rx_clk_shift_board.xdc] for cell 'inst'
Finished Parsing XDC File [/home/ian-rider/eth_book_git_wa/ethernet_to_book/ethernet_to_book_proj/project/project.gen/sources_1/ip/rx_clk_shift/rx_clk_shift_board.xdc] for cell 'inst'
Parsing XDC File [/home/ian-rider/eth_book_git_wa/ethernet_to_book/ethernet_to_book_proj/project/project.gen/sources_1/ip/rx_clk_shift/rx_clk_shift.xdc] for cell 'inst'
Finished Parsing XDC File [/home/ian-rider/eth_book_git_wa/ethernet_to_book/ethernet_to_book_proj/project/project.gen/sources_1/ip/rx_clk_shift/rx_clk_shift.xdc] for cell 'inst'
INFO: [Project 1-236] Implementation specific constraints were found while reading constraint file [/home/ian-rider/eth_book_git_wa/ethernet_to_book/ethernet_to_book_proj/project/project.gen/sources_1/ip/rx_clk_shift/rx_clk_shift.xdc]. These constraints will be ignored for synthesis but will be used in implementation. Impacted constraints are listed in the file [.Xil/rx_clk_shift_propImpl.xdc].
Resolution: To avoid this warning, move constraints listed in [.Xil/rx_clk_shift_propImpl.xdc] to another XDC file and exclude this new file from synthesis with the used_in_synthesis property (File Properties dialog in GUI) and re-run elaboration/synthesis.
INFO: [Timing 38-2] Deriving generated clocks
Parsing XDC File [/home/ian-rider/eth_book_git_wa/ethernet_to_book/ethernet_to_book_proj/project/project.runs/rx_clk_shift_synth_1/dont_touch.xdc]
Finished Parsing XDC File [/home/ian-rider/eth_book_git_wa/ethernet_to_book/ethernet_to_book_proj/project/project.runs/rx_clk_shift_synth_1/dont_touch.xdc]
Completed Processing XDC Constraints

Netlist sorting complete. Time (s): cpu = 00:00:00 ; elapsed = 00:00:00 . Memory (MB): peak = 2427.305 ; gain = 0.000 ; free physical = 16921 ; free virtual = 32329
INFO: [Project 1-111] Unisim Transformation Summary:
No Unisim elements were transformed.

Constraint Validation Runtime : Time (s): cpu = 00:00:00 ; elapsed = 00:00:00.01 . Memory (MB): peak = 2427.340 ; gain = 0.000 ; free physical = 16921 ; free virtual = 32329
INFO: [Designutils 20-5008] Incremental synthesis strategy off
---------------------------------------------------------------------------------
Finished Constraint Validation : Time (s): cpu = 00:00:05 ; elapsed = 00:00:05 . Memory (MB): peak = 2427.340 ; gain = 630.961 ; free physical = 16929 ; free virtual = 32337
---------------------------------------------------------------------------------
---------------------------------------------------------------------------------
Start Loading Part and Timing Information
---------------------------------------------------------------------------------
Loading part: xc7a200tsbg484-1
---------------------------------------------------------------------------------
Finished Loading Part and Timing Information : Time (s): cpu = 00:00:05 ; elapsed = 00:00:05 . Memory (MB): peak = 2435.309 ; gain = 638.930 ; free physical = 16929 ; free virtual = 32337
---------------------------------------------------------------------------------
---------------------------------------------------------------------------------
Start Applying 'set_property' XDC Constraints
---------------------------------------------------------------------------------
---------------------------------------------------------------------------------
Finished applying 'set_property' XDC Constraints : Time (s): cpu = 00:00:05 ; elapsed = 00:00:05 . Memory (MB): peak = 2435.309 ; gain = 638.930 ; free physical = 16929 ; free virtual = 32337
---------------------------------------------------------------------------------
---------------------------------------------------------------------------------
Finished RTL Optimization Phase 2 : Time (s): cpu = 00:00:06 ; elapsed = 00:00:06 . Memory (MB): peak = 2435.309 ; gain = 638.930 ; free physical = 16928 ; free virtual = 32337
---------------------------------------------------------------------------------
---------------------------------------------------------------------------------
Start RTL Component Statistics 
---------------------------------------------------------------------------------
Detailed RTL Component Info : 
---------------------------------------------------------------------------------
Finished RTL Component Statistics 
---------------------------------------------------------------------------------
---------------------------------------------------------------------------------
Start Part Resource Summary
---------------------------------------------------------------------------------
Part Resources:
DSPs: 740 (col length:100)
BRAMs: 730 (col length: RAMB18 100 RAMB36 50)
---------------------------------------------------------------------------------
Finished Part Resource Summary
---------------------------------------------------------------------------------
---------------------------------------------------------------------------------
Start Cross Boundary and Area Optimization
---------------------------------------------------------------------------------
---------------------------------------------------------------------------------
Finished Cross Boundary and Area Optimization : Time (s): cpu = 00:00:06 ; elapsed = 00:00:06 . Memory (MB): peak = 2435.309 ; gain = 638.930 ; free physical = 16936 ; free virtual = 32345
---------------------------------------------------------------------------------
---------------------------------------------------------------------------------
Start Applying XDC Timing Constraints
---------------------------------------------------------------------------------
---------------------------------------------------------------------------------
Finished Applying XDC Timing Constraints : Time (s): cpu = 00:00:08 ; elapsed = 00:00:08 . Memory (MB): peak = 2527.309 ; gain = 730.930 ; free physical = 16865 ; free virtual = 32274
---------------------------------------------------------------------------------
---------------------------------------------------------------------------------
Start Timing Optimization
---------------------------------------------------------------------------------
---------------------------------------------------------------------------------
Finished Timing Optimization : Time (s): cpu = 00:00:08 ; elapsed = 00:00:08 . Memory (MB): peak = 2527.309 ; gain = 730.930 ; free physical = 16865 ; free virtual = 32274
---------------------------------------------------------------------------------
---------------------------------------------------------------------------------
Start Technology Mapping
---------------------------------------------------------------------------------
---------------------------------------------------------------------------------
Finished Technology Mapping : Time (s): cpu = 00:00:08 ; elapsed = 00:00:08 . Memory (MB): peak = 2536.324 ; gain = 739.945 ; free physical = 16857 ; free virtual = 32267
---------------------------------------------------------------------------------
---------------------------------------------------------------------------------
Start IO Insertion
---------------------------------------------------------------------------------
---------------------------------------------------------------------------------
Start Flattening Before IO Insertion
---------------------------------------------------------------------------------
---------------------------------------------------------------------------------
Finished Flattening Before IO Insertion
---------------------------------------------------------------------------------
---------------------------------------------------------------------------------
Start Final Netlist Cleanup
---------------------------------------------------------------------------------
---------------------------------------------------------------------------------
Finished Final Netlist Cleanup
---------------------------------------------------------------------------------
---------------------------------------------------------------------------------
Finished IO Insertion : Time (s): cpu = 00:00:10 ; elapsed = 00:00:10 . Memory (MB): peak = 2723.137 ; gain = 926.758 ; free physical = 16693 ; free virtual = 32102
---------------------------------------------------------------------------------
---------------------------------------------------------------------------------
Start Renaming Generated Instances
---------------------------------------------------------------------------------
---------------------------------------------------------------------------------
Finished Renaming Generated Instances : Time (s): cpu = 00:00:10 ; elapsed = 00:00:10 . Memory (MB): peak = 2723.137 ; gain = 926.758 ; free physical = 16693 ; free virtual = 32102
---------------------------------------------------------------------------------
---------------------------------------------------------------------------------
Start Rebuilding User Hierarchy
---------------------------------------------------------------------------------
---------------------------------------------------------------------------------
Finished Rebuilding User Hierarchy : Time (s): cpu = 00:00:10 ; elapsed = 00:00:10 . Memory (MB): peak = 2723.137 ; gain = 926.758 ; free physical = 16693 ; free virtual = 32102
---------------------------------------------------------------------------------
---------------------------------------------------------------------------------
Start Renaming Generated Ports
---------------------------------------------------------------------------------
---------------------------------------------------------------------------------
Finished Renaming Generated Ports : Time (s): cpu = 00:00:10 ; elapsed = 00:00:10 . Memory (MB): peak = 2723.137 ; gain = 926.758 ; free physical = 16693 ; free virtual = 32102
---------------------------------------------------------------------------------
---------------------------------------------------------------------------------
Start Handling Custom Attributes
---------------------------------------------------------------------------------
---------------------------------------------------------------------------------
Finished Handling Custom Attributes : Time (s): cpu = 00:00:10 ; elapsed = 00:00:10 . Memory (MB): peak = 2723.137 ; gain = 926.758 ; free physical = 16693 ; free virtual = 32102
---------------------------------------------------------------------------------
---------------------------------------------------------------------------------
Start Renaming Generated Nets
---------------------------------------------------------------------------------
---------------------------------------------------------------------------------
Finished Renaming Generated Nets : Time (s): cpu = 00:00:10 ; elapsed = 00:00:10 . Memory (MB): peak = 2723.137 ; gain = 926.758 ; free physical = 16693 ; free virtual = 32102
---------------------------------------------------------------------------------
---------------------------------------------------------------------------------
Start Writing Synthesis Report
---------------------------------------------------------------------------------

Report BlackBoxes: 
+-+--------------+----------+
| |BlackBox name |Instances |
+-+--------------+----------+
+-+--------------+----------+

Report Cell Usage: 
+------+-----------+------+
|      |Cell       |Count |
+------+-----------+------+
|1     |BUFG       |     2|
|2     |MMCME2_ADV |     1|
|3     |IBUF       |     1|
+------+-----------+------+
---------------------------------------------------------------------------------
Finished Writing Synthesis Report : Time (s): cpu = 00:00:10 ; elapsed = 00:00:10 . Memory (MB): peak = 2723.137 ; gain = 926.758 ; free physical = 16693 ; free virtual = 32102
---------------------------------------------------------------------------------
Synthesis finished with 0 errors, 0 critical warnings and 0 warnings.
Synthesis Optimization Runtime : Time (s): cpu = 00:00:09 ; elapsed = 00:00:09 . Memory (MB): peak = 2723.137 ; gain = 877.797 ; free physical = 16693 ; free virtual = 32102
Synthesis Optimization Complete : Time (s): cpu = 00:00:10 ; elapsed = 00:00:10 . Memory (MB): peak = 2723.145 ; gain = 926.758 ; free physical = 16693 ; free virtual = 32102
INFO: [Project 1-571] Translating synthesized netlist
Netlist sorting complete. Time (s): cpu = 00:00:00 ; elapsed = 00:00:00 . Memory (MB): peak = 2723.145 ; gain = 0.000 ; free physical = 16693 ; free virtual = 32102
INFO: [Netlist 29-17] Analyzing 1 Unisim elements for replacement
INFO: [Netlist 29-28] Unisim Transformation completed in 0 CPU seconds
INFO: [Project 1-570] Preparing netlist for logic optimization
INFO: [Opt 31-138] Pushed 0 inverter(s) to 0 load pin(s).
Netlist sorting complete. Time (s): cpu = 00:00:00 ; elapsed = 00:00:00 . Memory (MB): peak = 2723.145 ; gain = 0.000 ; free physical = 16861 ; free virtual = 32270
INFO: [Project 1-111] Unisim Transformation Summary:
No Unisim elements were transformed.

Synth Design complete | Checksum: 39e1c009
INFO: [Common 17-83] Releasing license: Synthesis
29 Infos, 0 Warnings, 0 Critical Warnings and 0 Errors encountered.
synth_design completed successfully
synth_design: Time (s): cpu = 00:00:13 ; elapsed = 00:00:12 . Memory (MB): peak = 2723.172 ; gain = 1096.910 ; free physical = 16861 ; free virtual = 32270
INFO: [Common 17-2834] synth_design peak Physical Memory [PSS] (MB): overall = 2079.990; main = 1849.451; forked = 286.944
INFO: [Common 17-2834] synth_design peak Virtual Memory [VSS] (MB): overall = 3709.699; main = 2723.141; forked = 986.559
Write ShapeDB Complete: Time (s): cpu = 00:00:00 ; elapsed = 00:00:00 . Memory (MB): peak = 2747.148 ; gain = 0.000 ; free physical = 16861 ; free virtual = 32270
INFO: [Common 17-1381] The checkpoint '/home/ian-rider/eth_book_git_wa/ethernet_to_book/ethernet_to_book_proj/project/project.runs/rx_clk_shift_synth_1/rx_clk_shift.dcp' has been generated.
INFO: [Coretcl 2-1648] Added synthesis output to IP cache for IP rx_clk_shift, cache-ID = 44ece636167e78e8
Write ShapeDB Complete: Time (s): cpu = 00:00:00 ; elapsed = 00:00:00 . Memory (MB): peak = 2747.148 ; gain = 0.000 ; free physical = 16854 ; free virtual = 32263
INFO: [Common 17-1381] The checkpoint '/home/ian-rider/eth_book_git_wa/ethernet_to_book/ethernet_to_book_proj/project/project.runs/rx_clk_shift_synth_1/rx_clk_shift.dcp' has been generated.
INFO: [Vivado 12-24828] Executing command : report_utilization -file rx_clk_shift_utilization_synth.rpt -pb rx_clk_shift_utilization_synth.pb
INFO: [Common 17-206] Exiting Vivado at Wed Jul 15 19:25:45 2026...
